<html>
<body>
<pre>
<h1>µVision Build Log</h1>
<h2>Tool Versions:</h2>
IDE-Version: µVision V5.17.0.0
Copyright (C) 2015 ARM Ltd and ARM Germany GmbH. All rights reserved.
License Information: powen ko, looptek, LIC=----
 
Tool Versions:
Toolchain:       MDK-Lite  Version: 5.17
Toolchain Path:  C:\Keil_v5\ARM\ARMCC\Bin
C Compiler:      Armcc.exe V5.06 update 1 (build 61)
Assembler:       Armasm.exe V5.06 update 1 (build 61)
Linker/Locator:  ArmLink.exe V5.06 update 1 (build 61)
Library Manager: ArmAr.exe V5.06 update 1 (build 61)
Hex Converter:   FromElf.exe V5.06 update 1 (build 61)
CPU DLL:         SARMCM3.DLL V5.17
Dialog DLL:      DCM.DLL V1.13.4.0
Target DLL:      STLink\ST-LINKIII-KEIL_SWO.dll V2.0.18.0
Dialog DLL:      TCM.DLL V1.14.6.0
 
<h2>Project:</h2>
\\vmware-host\Shared Folders\Desktop\Cortex-M3 ARM keil C\STM32L-Discovery_FW_Pack\Projects\UART-reciver-data-working\MDK-ARM\Project.uvprojx
Project File Date:  11/23/2015

<h2>Output:</h2>
*** Using Compiler 'V5.06 update 1 (build 61)', folder: 'C:\Keil_v5\ARM\ARMCC\Bin'
Build target 'STM32L152RC (32L152C-DISCOVERY)'
compiling main.c...
..\src\main.c(206): warning:  #111-D: statement is unreachable
      return "";
..\src\main.c: 1 warning, 0 errors
linking...
Program Size: Code=2804 RO-data=340 RW-data=104 ZI-data=1384  
".\STM32L-Discovery\STM32L-Discovery.axf" - 0 Error(s), 1 Warning(s).

<h2>Collection of Component include folders:</h2>
  \\vmware-host\Shared Folders\Desktop\Cortex-M3 ARM keil C\STM32L-Discovery_FW_Pack\Projects\UART-reciver-data-working\MDK-ARM\RTE
  C:\Keil_v5\ARM\PACK\Keil\STM32L1xx_DFP\1.0.2\Device\Include

<h2>Collection of Component Files used:</h2>
Build Time Elapsed:  00:00:15
</pre>
</body>
</html>
