Component: ARM Compiler 5.06 update 1 (build 61) Tool: armlink [4d35a8]

==============================================================================

Section Cross References

    startup_stm32l1xx_mdp.o(RESET) refers to startup_stm32l1xx_mdp.o(STACK) for __initial_sp
    startup_stm32l1xx_mdp.o(RESET) refers to startup_stm32l1xx_mdp.o(.text) for Reset_Handler
    startup_stm32l1xx_mdp.o(RESET) refers to stm32l1xx_it.o(i.NMI_Handler) for NMI_Handler
    startup_stm32l1xx_mdp.o(RESET) refers to stm32l1xx_it.o(i.HardFault_Handler) for HardFault_Handler
    startup_stm32l1xx_mdp.o(RESET) refers to stm32l1xx_it.o(i.MemManage_Handler) for MemManage_Handler
    startup_stm32l1xx_mdp.o(RESET) refers to stm32l1xx_it.o(i.BusFault_Handler) for BusFault_Handler
    startup_stm32l1xx_mdp.o(RESET) refers to stm32l1xx_it.o(i.UsageFault_Handler) for UsageFault_Handler
    startup_stm32l1xx_mdp.o(RESET) refers to stm32l1xx_it.o(i.SVC_Handler) for SVC_Handler
    startup_stm32l1xx_mdp.o(RESET) refers to stm32l1xx_it.o(i.DebugMon_Handler) for DebugMon_Handler
    startup_stm32l1xx_mdp.o(RESET) refers to stm32l1xx_it.o(i.PendSV_Handler) for PendSV_Handler
    startup_stm32l1xx_mdp.o(RESET) refers to stm32l1xx_it.o(i.SysTick_Handler) for SysTick_Handler
    startup_stm32l1xx_mdp.o(RESET) refers to stm32l1xx_it.o(i.RTC_WKUP_IRQHandler) for RTC_WKUP_IRQHandler
    startup_stm32l1xx_mdp.o(RESET) refers to stm32l1xx_it.o(i.EXTI0_IRQHandler) for EXTI0_IRQHandler
    startup_stm32l1xx_mdp.o(RESET) refers to stm32l1xx_it.o(i.DMA1_Channel1_IRQHandler) for DMA1_Channel1_IRQHandler
    startup_stm32l1xx_mdp.o(.text) refers to system_stm32l1xx.o(i.SystemInit) for SystemInit
    startup_stm32l1xx_mdp.o(.text) refers to entry.o(.ARM.Collect$$$$00000000) for __main
    stm32l1xx_wwdg.o(i.WWDG_DeInit) refers to stm32l1xx_rcc.o(i.RCC_APB1PeriphResetCmd) for RCC_APB1PeriphResetCmd
    stm32l1xx_adc.o(i.ADC_DeInit) refers to stm32l1xx_rcc.o(i.RCC_APB2PeriphResetCmd) for RCC_APB2PeriphResetCmd
    stm32l1xx_dac.o(i.DAC_DeInit) refers to stm32l1xx_rcc.o(i.RCC_APB1PeriphResetCmd) for RCC_APB1PeriphResetCmd
    stm32l1xx_flash.o(i.DATA_EEPROM_EraseByte) refers to stm32l1xx_flash.o(i.FLASH_WaitForLastOperation) for FLASH_WaitForLastOperation
    stm32l1xx_flash.o(i.DATA_EEPROM_EraseHalfWord) refers to stm32l1xx_flash.o(i.FLASH_WaitForLastOperation) for FLASH_WaitForLastOperation
    stm32l1xx_flash.o(i.DATA_EEPROM_EraseWord) refers to stm32l1xx_flash.o(i.FLASH_WaitForLastOperation) for FLASH_WaitForLastOperation
    stm32l1xx_flash.o(i.DATA_EEPROM_FastProgramByte) refers to stm32l1xx_flash.o(i.FLASH_WaitForLastOperation) for FLASH_WaitForLastOperation
    stm32l1xx_flash.o(i.DATA_EEPROM_FastProgramHalfWord) refers to stm32l1xx_flash.o(i.FLASH_WaitForLastOperation) for FLASH_WaitForLastOperation
    stm32l1xx_flash.o(i.DATA_EEPROM_FastProgramWord) refers to stm32l1xx_flash.o(i.FLASH_WaitForLastOperation) for FLASH_WaitForLastOperation
    stm32l1xx_flash.o(i.DATA_EEPROM_ProgramByte) refers to stm32l1xx_flash.o(i.FLASH_WaitForLastOperation) for FLASH_WaitForLastOperation
    stm32l1xx_flash.o(i.DATA_EEPROM_ProgramHalfWord) refers to stm32l1xx_flash.o(i.FLASH_WaitForLastOperation) for FLASH_WaitForLastOperation
    stm32l1xx_flash.o(i.DATA_EEPROM_ProgramWord) refers to stm32l1xx_flash.o(i.FLASH_WaitForLastOperation) for FLASH_WaitForLastOperation
    stm32l1xx_flash.o(i.FLASH_ErasePage) refers to stm32l1xx_flash.o(i.FLASH_WaitForLastOperation) for FLASH_WaitForLastOperation
    stm32l1xx_flash.o(i.FLASH_FastProgramWord) refers to stm32l1xx_flash.o(i.FLASH_WaitForLastOperation) for FLASH_WaitForLastOperation
    stm32l1xx_flash.o(i.FLASH_OB_BORConfig) refers to stm32l1xx_flash.o(i.FLASH_WaitForLastOperation) for FLASH_WaitForLastOperation
    stm32l1xx_flash.o(i.FLASH_OB_BootConfig) refers to stm32l1xx_flash.o(i.FLASH_WaitForLastOperation) for FLASH_WaitForLastOperation
    stm32l1xx_flash.o(i.FLASH_OB_PCROP1Config) refers to stm32l1xx_flash.o(i.FLASH_WaitForLastOperation) for FLASH_WaitForLastOperation
    stm32l1xx_flash.o(i.FLASH_OB_PCROPConfig) refers to stm32l1xx_flash.o(i.FLASH_WaitForLastOperation) for FLASH_WaitForLastOperation
    stm32l1xx_flash.o(i.FLASH_OB_PCROPSelectionConfig) refers to stm32l1xx_flash.o(i.FLASH_WaitForLastOperation) for FLASH_WaitForLastOperation
    stm32l1xx_flash.o(i.FLASH_OB_RDPConfig) refers to stm32l1xx_flash.o(i.FLASH_WaitForLastOperation) for FLASH_WaitForLastOperation
    stm32l1xx_flash.o(i.FLASH_OB_Unlock) refers to stm32l1xx_flash.o(i.DATA_EEPROM_Unlock) for DATA_EEPROM_Unlock
    stm32l1xx_flash.o(i.FLASH_OB_UserConfig) refers to stm32l1xx_flash.o(i.FLASH_WaitForLastOperation) for FLASH_WaitForLastOperation
    stm32l1xx_flash.o(i.FLASH_OB_WRP1Config) refers to stm32l1xx_flash.o(i.FLASH_WaitForLastOperation) for FLASH_WaitForLastOperation
[...]
    printf7.o(i._printf_core) refers to printf7.o(i._printf_post_padding) for _printf_post_padding
    printf8.o(i.__0fprintf$8) refers to printf8.o(i._printf_core) for _printf_core
    printf8.o(i.__0fprintf$8) refers to fputc.o(i.fputc) for fputc
    printf8.o(i.__0printf$8) refers to printf8.o(i._printf_core) for _printf_core
    printf8.o(i.__0printf$8) refers to fputc.o(i.fputc) for fputc
    printf8.o(i.__0printf$8) refers to stdout.o(.data) for __stdout
    printf8.o(i.__0snprintf$8) refers to printf8.o(i._printf_core) for _printf_core
    printf8.o(i.__0snprintf$8) refers to printf8.o(i._snputc) for _snputc
    printf8.o(i.__0sprintf$8) refers to printf8.o(i._printf_core) for _printf_core
    printf8.o(i.__0sprintf$8) refers to printf8.o(i._sputc) for _sputc
    printf8.o(i.__0vfprintf$8) refers to printf8.o(i._printf_core) for _printf_core
    printf8.o(i.__0vfprintf$8) refers to fputc.o(i.fputc) for fputc
    printf8.o(i.__0vprintf$8) refers to printf8.o(i._printf_core) for _printf_core
    printf8.o(i.__0vprintf$8) refers to fputc.o(i.fputc) for fputc
    printf8.o(i.__0vprintf$8) refers to stdout.o(.data) for __stdout
    printf8.o(i.__0vsnprintf$8) refers to printf8.o(i._printf_core) for _printf_core
    printf8.o(i.__0vsnprintf$8) refers to printf8.o(i._snputc) for _snputc
    printf8.o(i.__0vsprintf$8) refers to printf8.o(i._printf_core) for _printf_core
    printf8.o(i.__0vsprintf$8) refers to printf8.o(i._sputc) for _sputc
    printf8.o(i._printf_core) refers to printf8.o(i._printf_pre_padding) for _printf_pre_padding
    printf8.o(i._printf_core) refers to uldiv.o(.text) for __aeabi_uldivmod
    printf8.o(i._printf_core) refers to printf8.o(i._printf_post_padding) for _printf_post_padding
    printfa.o(i.__0fprintf) refers (Special) to iusefp.o(.text) for __I$use$fp
    printfa.o(i.__0fprintf) refers to printfa.o(i._printf_core) for _printf_core
    printfa.o(i.__0fprintf) refers to fputc.o(i.fputc) for fputc
    printfa.o(i.__0printf) refers (Special) to iusefp.o(.text) for __I$use$fp
    printfa.o(i.__0printf) refers to printfa.o(i._printf_core) for _printf_core
    printfa.o(i.__0printf) refers to fputc.o(i.fputc) for fputc
    printfa.o(i.__0printf) refers to stdout.o(.data) for __stdout
    printfa.o(i.__0snprintf) refers (Special) to iusefp.o(.text) for __I$use$fp
    printfa.o(i.__0snprintf) refers to printfa.o(i._printf_core) for _printf_core
    printfa.o(i.__0snprintf) refers to printfa.o(i._snputc) for _snputc
    printfa.o(i.__0sprintf) refers (Special) to iusefp.o(.text) for __I$use$fp
    printfa.o(i.__0sprintf) refers to printfa.o(i._printf_core) for _printf_core
    printfa.o(i.__0sprintf) refers to printfa.o(i._sputc) for _sputc
    printfa.o(i.__0vfprintf) refers (Special) to iusefp.o(.text) for __I$use$fp
    printfa.o(i.__0vfprintf) refers to printfa.o(i._printf_core) for _printf_core
    printfa.o(i.__0vfprintf) refers to fputc.o(i.fputc) for fputc
    printfa.o(i.__0vprintf) refers (Special) to iusefp.o(.text) for __I$use$fp
    printfa.o(i.__0vprintf) refers to printfa.o(i._printf_core) for _printf_core
    printfa.o(i.__0vprintf) refers to fputc.o(i.fputc) for fputc
    printfa.o(i.__0vprintf) refers to stdout.o(.data) for __stdout
    printfa.o(i.__0vsnprintf) refers (Special) to iusefp.o(.text) for __I$use$fp
    printfa.o(i.__0vsnprintf) refers to printfa.o(i._printf_core) for _printf_core
    printfa.o(i.__0vsnprintf) refers to printfa.o(i._snputc) for _snputc
    printfa.o(i.__0vsprintf) refers (Special) to iusefp.o(.text) for __I$use$fp
    printfa.o(i.__0vsprintf) refers to printfa.o(i._printf_core) for _printf_core
    printfa.o(i.__0vsprintf) refers to printfa.o(i._sputc) for _sputc
    printfa.o(i._fp_digits) refers (Special) to iusefp.o(.text) for __I$use$fp
    printfa.o(i._fp_digits) refers to dmul.o(.text) for __aeabi_dmul
    printfa.o(i._fp_digits) refers to ddiv.o(.text) for __aeabi_ddiv
    printfa.o(i._fp_digits) refers to cdrcmple.o(.text) for __aeabi_cdrcmple
    printfa.o(i._fp_digits) refers to dadd.o(.text) for __aeabi_dadd
    printfa.o(i._fp_digits) refers to dfixul.o(.text) for __aeabi_d2ulz
    printfa.o(i._fp_digits) refers to uldiv.o(.text) for __aeabi_uldivmod
    printfa.o(i._printf_core) refers (Special) to iusefp.o(.text) for __I$use$fp
    printfa.o(i._printf_core) refers to printfa.o(i._printf_pre_padding) for _printf_pre_padding
    printfa.o(i._printf_core) refers to uldiv.o(.text) for __aeabi_uldivmod
    printfa.o(i._printf_core) refers to printfa.o(i._printf_post_padding) for _printf_post_padding
    printfa.o(i._printf_core) refers to printfa.o(i._fp_digits) for _fp_digits
    printfa.o(i._printf_core) refers to uidiv.o(.text) for __aeabi_uidivmod
    printfa.o(i._printf_post_padding) refers (Special) to iusefp.o(.text) for __I$use$fp
    printfa.o(i._printf_pre_padding) refers (Special) to iusefp.o(.text) for __I$use$fp
    printfa.o(i._snputc) refers (Special) to iusefp.o(.text) for __I$use$fp
    printfa.o(i._sputc) refers (Special) to iusefp.o(.text) for __I$use$fp
    entry2.o(.ARM.Collect$$$$00000001) refers to entry2.o(.ARM.Collect$$$$00002712) for __lit__00000000
    entry2.o(.ARM.Collect$$$$00002712) refers to startup_stm32l1xx_mdp.o(STACK) for __initial_sp
    entry2.o(__vectab_stack_and_reset_area) refers to startup_stm32l1xx_mdp.o(STACK) for __initial_sp
    entry2.o(__vectab_stack_and_reset_area) refers to entry.o(.ARM.Collect$$$$00000000) for __main
    entry5.o(.ARM.Collect$$$$00000004) refers to init.o(.text) for __scatterload
    entry9a.o(.ARM.Collect$$$$0000000B) refers to main.o(i.main) for main
    entry9b.o(.ARM.Collect$$$$0000000C) refers to main.o(i.main) for main
    fputc.o(i.fputc) refers (Special) to iusesemip.o(.text) for __I$use$semihosting$fputc
    fputc.o(i.fputc) refers (Special) to semi.o(.text) for __semihosting_library_function
    uldiv.o(.text) refers to llushr.o(.text) for __aeabi_llsr
    uldiv.o(.text) refers to llshl.o(.text) for __aeabi_llsl
    dadd.o(.text) refers to llshl.o(.text) for __aeabi_llsl
    dadd.o(.text) refers to llsshr.o(.text) for __aeabi_lasr
    dadd.o(.text) refers to depilogue.o(.text) for _double_epilogue
    dmul.o(.text) refers to depilogue.o(.text) for _double_epilogue
    ddiv.o(.text) refers to depilogue.o(.text) for _double_round
    dfixul.o(.text) refers to llushr.o(.text) for __aeabi_llsr
    dfixul.o(.text) refers to llshl.o(.text) for __aeabi_llsl
    init.o(.text) refers to entry5.o(.ARM.Collect$$$$00000004) for __main_after_scatterload
    depilogue.o(.text) refers to llshl.o(.text) for __aeabi_llsl
    depilogue.o(.text) refers to llushr.o(.text) for __aeabi_llsr


==============================================================================

Removing Unused input sections from the image.

    Removing startup_stm32l1xx_mdp.o(HEAP), (512 bytes).
    Removing stm32l1xx_wwdg.o(.rev16_text), (4 bytes).
    Removing stm32l1xx_wwdg.o(.revsh_text), (4 bytes).
    Removing stm32l1xx_wwdg.o(i.WWDG_ClearFlag), (12 bytes).
    Removing stm32l1xx_wwdg.o(i.WWDG_DeInit), (22 bytes).
    Removing stm32l1xx_wwdg.o(i.WWDG_Enable), (16 bytes).
    Removing stm32l1xx_wwdg.o(i.WWDG_EnableIT), (12 bytes).
    Removing stm32l1xx_wwdg.o(i.WWDG_GetFlagStatus), (20 bytes).
    Removing stm32l1xx_wwdg.o(i.WWDG_SetCounter), (16 bytes).
    Removing stm32l1xx_wwdg.o(i.WWDG_SetPrescaler), (24 bytes).
    Removing stm32l1xx_wwdg.o(i.WWDG_SetWindowValue), (40 bytes).
    Removing misc.o(.rev16_text), (4 bytes).
    Removing misc.o(.revsh_text), (4 bytes).
    Removing misc.o(i.NVIC_Init), (120 bytes).
    Removing misc.o(i.NVIC_PriorityGroupConfig), (20 bytes).
    Removing misc.o(i.NVIC_SetVectorTable), (20 bytes).
    Removing misc.o(i.NVIC_SystemLPConfig), (32 bytes).
    Removing misc.o(i.SysTick_CLKSourceConfig), (40 bytes).
    Removing stm32l1xx_adc.o(.rev16_text), (4 bytes).
    Removing stm32l1xx_adc.o(.revsh_text), (4 bytes).
    Removing stm32l1xx_adc.o(i.ADC_AnalogWatchdogCmd), (20 bytes).
    Removing stm32l1xx_adc.o(i.ADC_AnalogWatchdogSingleChannelConfig), (16 bytes).
    Removing stm32l1xx_adc.o(i.ADC_AnalogWatchdogThresholdsConfig), (6 bytes).
    Removing stm32l1xx_adc.o(i.ADC_AutoInjectedConvCmd), (22 bytes).
    Removing stm32l1xx_adc.o(i.ADC_BankSelection), (22 bytes).
    Removing stm32l1xx_adc.o(i.ADC_ClearFlag), (6 bytes).
    Removing stm32l1xx_adc.o(i.ADC_ClearITPendingBit), (10 bytes).
    Removing stm32l1xx_adc.o(i.ADC_Cmd), (22 bytes).
    Removing stm32l1xx_adc.o(i.ADC_CommonInit), (28 bytes).
    Removing stm32l1xx_adc.o(i.ADC_CommonStructInit), (6 bytes).
    Removing stm32l1xx_adc.o(i.ADC_ContinuousModeCmd), (22 bytes).
    Removing stm32l1xx_adc.o(i.ADC_DMACmd), (22 bytes).
    Removing stm32l1xx_adc.o(i.ADC_DMARequestAfterLastTransferCmd), (22 bytes).
    Removing stm32l1xx_adc.o(i.ADC_DeInit), (32 bytes).
    Removing stm32l1xx_adc.o(i.ADC_DelaySelectionConfig), (16 bytes).
    Removing stm32l1xx_adc.o(i.ADC_DiscModeChannelCountConfig), (24 bytes).
    Removing stm32l1xx_adc.o(i.ADC_DiscModeCmd), (22 bytes).
    Removing stm32l1xx_adc.o(i.ADC_EOCOnEachRegularChannelCmd), (22 bytes).
    Removing stm32l1xx_adc.o(i.ADC_ExternalTrigInjectedConvConfig), (16 bytes).
    Removing stm32l1xx_adc.o(i.ADC_ExternalTrigInjectedConvEdgeConfig), (16 bytes).
    Removing stm32l1xx_adc.o(i.ADC_GetConversionValue), (8 bytes).
    Removing stm32l1xx_adc.o(i.ADC_GetFlagStatus), (18 bytes).
    Removing stm32l1xx_adc.o(i.ADC_GetITStatus), (38 bytes).
    Removing stm32l1xx_adc.o(i.ADC_GetInjectedConversionValue), (28 bytes).
    Removing stm32l1xx_adc.o(i.ADC_GetSoftwareStartConvStatus), (20 bytes).
    Removing stm32l1xx_adc.o(i.ADC_GetSoftwareStartInjectedConvCmdStatus), (20 bytes).
    Removing stm32l1xx_adc.o(i.ADC_ITConfig), (32 bytes).
    Removing stm32l1xx_adc.o(i.ADC_Init), (84 bytes).
    Removing stm32l1xx_adc.o(i.ADC_InjectedChannelConfig), (210 bytes).
    Removing stm32l1xx_adc.o(i.ADC_InjectedDiscModeCmd), (22 bytes).
    Removing stm32l1xx_adc.o(i.ADC_InjectedSequencerLengthConfig), (24 bytes).
    Removing stm32l1xx_adc.o(i.ADC_PowerDownCmd), (18 bytes).
    Removing stm32l1xx_adc.o(i.ADC_RegularChannelConfig), (344 bytes).
    Removing stm32l1xx_adc.o(i.ADC_SetInjectedOffset), (20 bytes).
    Removing stm32l1xx_adc.o(i.ADC_SoftwareStartConv), (10 bytes).
    Removing stm32l1xx_adc.o(i.ADC_SoftwareStartInjectedConv), (10 bytes).
    Removing stm32l1xx_adc.o(i.ADC_StructInit), (26 bytes).
    Removing stm32l1xx_adc.o(i.ADC_TempSensorVrefintCmd), (36 bytes).
    Removing stm32l1xx_comp.o(.rev16_text), (4 bytes).
    Removing stm32l1xx_comp.o(.revsh_text), (4 bytes).
    Removing stm32l1xx_comp.o(i.COMP_Cmd), (36 bytes).
    Removing stm32l1xx_comp.o(i.COMP_DeInit), (12 bytes).
    Removing stm32l1xx_comp.o(i.COMP_GetOutputLevel), (48 bytes).
    Removing stm32l1xx_comp.o(i.COMP_Init), (36 bytes).
    Removing stm32l1xx_comp.o(i.COMP_SW1SwitchConfig), (36 bytes).
    Removing stm32l1xx_comp.o(i.COMP_VrefintOutputCmd), (36 bytes).
    Removing stm32l1xx_comp.o(i.COMP_WindowCmd), (36 bytes).
    Removing stm32l1xx_crc.o(.rev16_text), (4 bytes).
    Removing stm32l1xx_crc.o(.revsh_text), (4 bytes).
    Removing stm32l1xx_crc.o(i.CRC_CalcBlockCRC), (36 bytes).
    Removing stm32l1xx_crc.o(i.CRC_CalcCRC), (16 bytes).
    Removing stm32l1xx_crc.o(i.CRC_GetCRC), (12 bytes).
    Removing stm32l1xx_crc.o(i.CRC_GetIDRegister), (12 bytes).
    Removing stm32l1xx_crc.o(i.CRC_ResetDR), (12 bytes).
    Removing stm32l1xx_crc.o(i.CRC_SetIDRegister), (12 bytes).
    Removing stm32l1xx_dac.o(.rev16_text), (4 bytes).
    Removing stm32l1xx_dac.o(.revsh_text), (4 bytes).
    Removing stm32l1xx_dac.o(i.DAC_ClearFlag), (16 bytes).
    Removing stm32l1xx_dac.o(i.DAC_ClearITPendingBit), (16 bytes).
    Removing stm32l1xx_dac.o(i.DAC_Cmd), (40 bytes).
    Removing stm32l1xx_dac.o(i.DAC_DMACmd), (44 bytes).
    Removing stm32l1xx_dac.o(i.DAC_DeInit), (22 bytes).
    Removing stm32l1xx_dac.o(i.DAC_DualSoftwareTriggerCmd), (36 bytes).
    Removing stm32l1xx_dac.o(i.DAC_GetDataOutputValue), (36 bytes).
    Removing stm32l1xx_dac.o(i.DAC_GetFlagStatus), (32 bytes).
    Removing stm32l1xx_dac.o(i.DAC_GetITStatus), (48 bytes).
    Removing stm32l1xx_dac.o(i.DAC_ITConfig), (40 bytes).
    Removing stm32l1xx_dac.o(i.DAC_Init), (52 bytes).
    Removing stm32l1xx_dac.o(i.DAC_SetChannel1Data), (32 bytes).
    Removing stm32l1xx_dac.o(i.DAC_SetChannel2Data), (32 bytes).
    Removing stm32l1xx_dac.o(i.DAC_SetDualChannelData), (36 bytes).
    Removing stm32l1xx_dac.o(i.DAC_SoftwareTriggerCmd), (44 bytes).
    Removing stm32l1xx_dac.o(i.DAC_StructInit), (12 bytes).
    Removing stm32l1xx_dac.o(i.DAC_WaveGenerationCmd), (40 bytes).
    Removing stm32l1xx_dbgmcu.o(.rev16_text), (4 bytes).
    Removing stm32l1xx_dbgmcu.o(.revsh_text), (4 bytes).
    Removing stm32l1xx_dbgmcu.o(i.DBGMCU_APB1PeriphConfig), (32 bytes).
    Removing stm32l1xx_dbgmcu.o(i.DBGMCU_APB2PeriphConfig), (32 bytes).
    Removing stm32l1xx_dbgmcu.o(i.DBGMCU_Config), (32 bytes).
    Removing stm32l1xx_dbgmcu.o(i.DBGMCU_GetDEVID), (16 bytes).
    Removing stm32l1xx_dbgmcu.o(i.DBGMCU_GetREVID), (12 bytes).
    Removing stm32l1xx_dma.o(.rev16_text), (4 bytes).
    Removing stm32l1xx_dma.o(.revsh_text), (4 bytes).
    Removing stm32l1xx_dma.o(i.DMA_ClearITPendingBit), (28 bytes).
    Removing stm32l1xx_dma.o(i.DMA_Cmd), (24 bytes).
    Removing stm32l1xx_dma.o(i.DMA_DeInit), (332 bytes).
    Removing stm32l1xx_dma.o(i.DMA_GetCurrDataCounter), (8 bytes).
    Removing stm32l1xx_dma.o(i.DMA_GetFlagStatus), (44 bytes).
    Removing stm32l1xx_dma.o(i.DMA_GetITStatus), (44 bytes).
    Removing stm32l1xx_dma.o(i.DMA_ITConfig), (18 bytes).
    Removing stm32l1xx_dma.o(i.DMA_Init), (60 bytes).
    Removing stm32l1xx_dma.o(i.DMA_SetCurrDataCounter), (4 bytes).
    Removing stm32l1xx_dma.o(i.DMA_StructInit), (26 bytes).
    Removing stm32l1xx_exti.o(.rev16_text), (4 bytes).
    Removing stm32l1xx_exti.o(.revsh_text), (4 bytes).
    Removing stm32l1xx_exti.o(i.EXTI_ClearFlag), (12 bytes).
    Removing stm32l1xx_exti.o(i.EXTI_DeInit), (36 bytes).
    Removing stm32l1xx_exti.o(i.EXTI_GenerateSWInterrupt), (16 bytes).
    Removing stm32l1xx_exti.o(i.EXTI_GetFlagStatus), (24 bytes).
    Removing stm32l1xx_exti.o(i.EXTI_GetITStatus), (24 bytes).
    Removing stm32l1xx_exti.o(i.EXTI_Init), (148 bytes).
    Removing stm32l1xx_exti.o(i.EXTI_StructInit), (16 bytes).
    Removing stm32l1xx_flash.o(.rev16_text), (4 bytes).
    Removing stm32l1xx_flash.o(.revsh_text), (4 bytes).
    Removing stm32l1xx_flash.o(i.DATA_EEPROM_EraseByte), (26 bytes).
    Removing stm32l1xx_flash.o(i.DATA_EEPROM_EraseHalfWord), (26 bytes).
    Removing stm32l1xx_flash.o(i.DATA_EEPROM_EraseWord), (26 bytes).
    Removing stm32l1xx_flash.o(i.DATA_EEPROM_FastProgramByte), (52 bytes).
    Removing stm32l1xx_flash.o(i.DATA_EEPROM_FastProgramHalfWord), (52 bytes).
    Removing stm32l1xx_flash.o(i.DATA_EEPROM_FastProgramWord), (52 bytes).
    Removing stm32l1xx_flash.o(i.DATA_EEPROM_FixedTimeProgramCmd), (36 bytes).
    Removing stm32l1xx_flash.o(i.DATA_EEPROM_Lock), (20 bytes).
    Removing stm32l1xx_flash.o(i.DATA_EEPROM_ProgramByte), (34 bytes).
    Removing stm32l1xx_flash.o(i.DATA_EEPROM_ProgramHalfWord), (34 bytes).
    Removing stm32l1xx_flash.o(i.DATA_EEPROM_ProgramWord), (34 bytes).
    Removing stm32l1xx_flash.o(i.DATA_EEPROM_Unlock), (36 bytes).
    Removing stm32l1xx_flash.o(i.FLASH_ClearFlag), (12 bytes).
    Removing stm32l1xx_flash.o(i.FLASH_ErasePage), (84 bytes).
    Removing stm32l1xx_flash.o(i.FLASH_FastProgramWord), (34 bytes).
    Removing stm32l1xx_flash.o(i.FLASH_GetFlagStatus), (24 bytes).
    Removing stm32l1xx_flash.o(i.FLASH_GetStatus), (52 bytes).
    Removing stm32l1xx_flash.o(i.FLASH_ITConfig), (32 bytes).
    Removing stm32l1xx_flash.o(i.FLASH_Lock), (20 bytes).
    Removing stm32l1xx_flash.o(i.FLASH_OB_BORConfig), (72 bytes).
    Removing stm32l1xx_flash.o(i.FLASH_OB_BootConfig), (72 bytes).
    Removing stm32l1xx_flash.o(i.FLASH_OB_GetBOR), (16 bytes).
    Removing stm32l1xx_flash.o(i.FLASH_OB_GetRDP), (24 bytes).
    Removing stm32l1xx_flash.o(i.FLASH_OB_GetSPRMOD), (28 bytes).
    Removing stm32l1xx_flash.o(i.FLASH_OB_GetUser), (16 bytes).
    Removing stm32l1xx_flash.o(i.FLASH_OB_GetWRP), (12 bytes).
    Removing stm32l1xx_flash.o(i.FLASH_OB_GetWRP1), (12 bytes).
    Removing stm32l1xx_flash.o(i.FLASH_OB_GetWRP2), (12 bytes).
    Removing stm32l1xx_flash.o(i.FLASH_OB_Launch), (20 bytes).
    Removing stm32l1xx_flash.o(i.FLASH_OB_Lock), (20 bytes).
    Removing stm32l1xx_flash.o(i.FLASH_OB_PCROP1Config), (148 bytes).
    Removing stm32l1xx_flash.o(i.FLASH_OB_PCROPConfig), (148 bytes).
    Removing stm32l1xx_flash.o(i.FLASH_OB_PCROPSelectionConfig), (76 bytes).
    Removing stm32l1xx_flash.o(i.FLASH_OB_RDPConfig), (52 bytes).
    Removing stm32l1xx_flash.o(i.FLASH_OB_Unlock), (44 bytes).
    Removing stm32l1xx_flash.o(i.FLASH_OB_UserConfig), (100 bytes).
    Removing stm32l1xx_flash.o(i.FLASH_OB_WRP1Config), (148 bytes).
    Removing stm32l1xx_flash.o(i.FLASH_OB_WRP2Config), (148 bytes).
    Removing stm32l1xx_flash.o(i.FLASH_OB_WRPConfig), (148 bytes).
    Removing stm32l1xx_flash.o(i.FLASH_PrefetchBufferCmd), (36 bytes).
    Removing stm32l1xx_flash.o(i.FLASH_ReadAccess64Cmd), (36 bytes).
    Removing stm32l1xx_flash.o(i.FLASH_SLEEPPowerDownCmd), (36 bytes).
    Removing stm32l1xx_flash.o(i.FLASH_SetLatency), (24 bytes).
    Removing stm32l1xx_flash.o(i.FLASH_Unlock), (44 bytes).
    Removing stm32l1xx_flash.o(i.FLASH_WaitForLastOperation), (48 bytes).
    Removing stm32l1xx_gpio.o(.rev16_text), (4 bytes).
    Removing stm32l1xx_gpio.o(.revsh_text), (4 bytes).
    Removing stm32l1xx_gpio.o(i.GPIO_DeInit), (228 bytes).
    Removing stm32l1xx_gpio.o(i.GPIO_PinLockConfig), (34 bytes).
    Removing stm32l1xx_gpio.o(i.GPIO_ReadInputData), (6 bytes).
    Removing stm32l1xx_gpio.o(i.GPIO_ReadInputDataBit), (18 bytes).
    Removing stm32l1xx_gpio.o(i.GPIO_ReadOutputData), (6 bytes).
    Removing stm32l1xx_gpio.o(i.GPIO_ReadOutputDataBit), (18 bytes).
    Removing stm32l1xx_gpio.o(i.GPIO_ResetBits), (4 bytes).
    Removing stm32l1xx_gpio.o(i.GPIO_SetBits), (4 bytes).
    Removing stm32l1xx_gpio.o(i.GPIO_StructInit), (18 bytes).
    Removing stm32l1xx_gpio.o(i.GPIO_ToggleBits), (8 bytes).
    Removing stm32l1xx_gpio.o(i.GPIO_Write), (4 bytes).
    Removing stm32l1xx_gpio.o(i.GPIO_WriteBit), (10 bytes).
    Removing stm32l1xx_i2c.o(.rev16_text), (4 bytes).
    Removing stm32l1xx_i2c.o(.revsh_text), (4 bytes).
    Removing stm32l1xx_i2c.o(i.I2C_ARPCmd), (24 bytes).
    Removing stm32l1xx_i2c.o(i.I2C_AcknowledgeConfig), (24 bytes).
    Removing stm32l1xx_i2c.o(i.I2C_CalculatePEC), (24 bytes).
    Removing stm32l1xx_i2c.o(i.I2C_CheckEvent), (42 bytes).
    Removing stm32l1xx_i2c.o(i.I2C_ClearFlag), (12 bytes).
    Removing stm32l1xx_i2c.o(i.I2C_ClearITPendingBit), (12 bytes).
    Removing stm32l1xx_i2c.o(i.I2C_Cmd), (24 bytes).
    Removing stm32l1xx_i2c.o(i.I2C_DMACmd), (24 bytes).
    Removing stm32l1xx_i2c.o(i.I2C_DMALastTransferCmd), (24 bytes).
    Removing stm32l1xx_i2c.o(i.I2C_DeInit), (56 bytes).
    Removing stm32l1xx_i2c.o(i.I2C_DualAddressCmd), (24 bytes).
    Removing stm32l1xx_i2c.o(i.I2C_FastModeDutyCycleConfig), (28 bytes).
    Removing stm32l1xx_i2c.o(i.I2C_GeneralCallCmd), (24 bytes).
    Removing stm32l1xx_i2c.o(i.I2C_GenerateSTART), (24 bytes).
    Removing stm32l1xx_i2c.o(i.I2C_GenerateSTOP), (24 bytes).
    Removing stm32l1xx_i2c.o(i.I2C_GetFlagStatus), (58 bytes).
    Removing stm32l1xx_i2c.o(i.I2C_GetITStatus), (38 bytes).
    Removing stm32l1xx_i2c.o(i.I2C_GetLastEvent), (26 bytes).
    Removing stm32l1xx_i2c.o(i.I2C_GetPEC), (8 bytes).
    Removing stm32l1xx_i2c.o(i.I2C_ITConfig), (18 bytes).
    Removing stm32l1xx_i2c.o(i.I2C_Init), (232 bytes).
    Removing stm32l1xx_i2c.o(i.I2C_NACKPositionConfig), (28 bytes).
    Removing stm32l1xx_i2c.o(i.I2C_OwnAddress2Config), (22 bytes).
    Removing stm32l1xx_i2c.o(i.I2C_PECPositionConfig), (28 bytes).
    Removing stm32l1xx_i2c.o(i.I2C_ReadRegister), (22 bytes).
    Removing stm32l1xx_i2c.o(i.I2C_ReceiveData), (8 bytes).
    Removing stm32l1xx_i2c.o(i.I2C_SMBusAlertConfig), (28 bytes).
    Removing stm32l1xx_i2c.o(i.I2C_Send7bitAddress), (16 bytes).
    Removing stm32l1xx_i2c.o(i.I2C_SendData), (4 bytes).
    Removing stm32l1xx_i2c.o(i.I2C_SoftwareResetCmd), (22 bytes).
    Removing stm32l1xx_i2c.o(i.I2C_StretchClockCmd), (24 bytes).
    Removing stm32l1xx_i2c.o(i.I2C_StructInit), (30 bytes).
    Removing stm32l1xx_i2c.o(i.I2C_TransmitPEC), (24 bytes).
    Removing stm32l1xx_iwdg.o(.rev16_text), (4 bytes).
    Removing stm32l1xx_iwdg.o(.revsh_text), (4 bytes).
    Removing stm32l1xx_iwdg.o(i.IWDG_Enable), (16 bytes).
    Removing stm32l1xx_iwdg.o(i.IWDG_GetFlagStatus), (24 bytes).
    Removing stm32l1xx_iwdg.o(i.IWDG_ReloadCounter), (16 bytes).
    Removing stm32l1xx_iwdg.o(i.IWDG_SetPrescaler), (12 bytes).
    Removing stm32l1xx_iwdg.o(i.IWDG_SetReload), (12 bytes).
    Removing stm32l1xx_iwdg.o(i.IWDG_WriteAccessCmd), (12 bytes).
    Removing stm32l1xx_lcd.o(.rev16_text), (4 bytes).
    Removing stm32l1xx_lcd.o(.revsh_text), (4 bytes).
    Removing stm32l1xx_lcd.o(i.LCD_BlinkConfig), (32 bytes).
    Removing stm32l1xx_lcd.o(i.LCD_ClearFlag), (12 bytes).
    Removing stm32l1xx_lcd.o(i.LCD_ClearITPendingBit), (12 bytes).
    Removing stm32l1xx_lcd.o(i.LCD_Cmd), (12 bytes).
    Removing stm32l1xx_lcd.o(i.LCD_ContrastConfig), (28 bytes).
    Removing stm32l1xx_lcd.o(i.LCD_DeInit), (22 bytes).
    Removing stm32l1xx_lcd.o(i.LCD_DeadTimeConfig), (28 bytes).
    Removing stm32l1xx_lcd.o(i.LCD_GetFlagStatus), (24 bytes).
    Removing stm32l1xx_lcd.o(i.LCD_GetITStatus), (44 bytes).
    Removing stm32l1xx_lcd.o(i.LCD_HighDriveCmd), (12 bytes).
    Removing stm32l1xx_lcd.o(i.LCD_ITConfig), (32 bytes).
    Removing stm32l1xx_lcd.o(i.LCD_Init), (84 bytes).
    Removing stm32l1xx_lcd.o(i.LCD_MuxSegmentCmd), (12 bytes).
    Removing stm32l1xx_lcd.o(i.LCD_PulseOnDurationConfig), (28 bytes).
    Removing stm32l1xx_lcd.o(i.LCD_StructInit), (14 bytes).
    Removing stm32l1xx_lcd.o(i.LCD_UpdateDisplayRequest), (12 bytes).
    Removing stm32l1xx_lcd.o(i.LCD_WaitForSynchro), (32 bytes).
    Removing stm32l1xx_lcd.o(i.LCD_Write), (12 bytes).
    Removing stm32l1xx_pwr.o(.rev16_text), (4 bytes).
    Removing stm32l1xx_pwr.o(.revsh_text), (4 bytes).
    Removing stm32l1xx_pwr.o(i.PWR_ClearFlag), (20 bytes).
    Removing stm32l1xx_pwr.o(i.PWR_DeInit), (22 bytes).
    Removing stm32l1xx_pwr.o(i.PWR_EnterLowPowerRunMode), (56 bytes).
    Removing stm32l1xx_pwr.o(i.PWR_EnterSTANDBYMode), (52 bytes).
    Removing stm32l1xx_pwr.o(i.PWR_EnterSTOPMode), (64 bytes).
    Removing stm32l1xx_pwr.o(i.PWR_EnterSleepMode), (52 bytes).
    Removing stm32l1xx_pwr.o(i.PWR_FastWakeUpCmd), (12 bytes).
    Removing stm32l1xx_pwr.o(i.PWR_GetFlagStatus), (24 bytes).
    Removing stm32l1xx_pwr.o(i.PWR_PVDCmd), (12 bytes).
    Removing stm32l1xx_pwr.o(i.PWR_PVDLevelConfig), (24 bytes).
    Removing stm32l1xx_pwr.o(i.PWR_UltraLowPowerCmd), (12 bytes).
    Removing stm32l1xx_pwr.o(i.PWR_VoltageScalingConfig), (28 bytes).
    Removing stm32l1xx_pwr.o(i.PWR_WakeUpPinCmd), (24 bytes).
    Removing stm32l1xx_rcc.o(.rev16_text), (4 bytes).
    Removing stm32l1xx_rcc.o(.revsh_text), (4 bytes).
    Removing stm32l1xx_rcc.o(i.RCC_AHBPeriphClockLPModeCmd), (32 bytes).
    Removing stm32l1xx_rcc.o(i.RCC_AHBPeriphResetCmd), (32 bytes).
    Removing stm32l1xx_rcc.o(i.RCC_APB1PeriphClockLPModeCmd), (32 bytes).
    Removing stm32l1xx_rcc.o(i.RCC_APB1PeriphResetCmd), (32 bytes).
    Removing stm32l1xx_rcc.o(i.RCC_APB2PeriphClockLPModeCmd), (32 bytes).
    Removing stm32l1xx_rcc.o(i.RCC_APB2PeriphResetCmd), (32 bytes).
    Removing stm32l1xx_rcc.o(i.RCC_AdjustHSICalibrationValue), (24 bytes).
    Removing stm32l1xx_rcc.o(i.RCC_AdjustMSICalibrationValue), (12 bytes).
    Removing stm32l1xx_rcc.o(i.RCC_ClearFlag), (20 bytes).
    Removing stm32l1xx_rcc.o(i.RCC_ClearITPendingBit), (12 bytes).
    Removing stm32l1xx_rcc.o(i.RCC_ClockSecuritySystemCmd), (12 bytes).
    Removing stm32l1xx_rcc.o(i.RCC_DeInit), (88 bytes).
    Removing stm32l1xx_rcc.o(i.RCC_GetITStatus), (24 bytes).
    Removing stm32l1xx_rcc.o(i.RCC_GetSYSCLKSource), (16 bytes).
    Removing stm32l1xx_rcc.o(i.RCC_HCLKConfig), (24 bytes).
    Removing stm32l1xx_rcc.o(i.RCC_HSEConfig), (16 bytes).
    Removing stm32l1xx_rcc.o(i.RCC_HSICmd), (12 bytes).
    Removing stm32l1xx_rcc.o(i.RCC_ITConfig), (32 bytes).
    Removing stm32l1xx_rcc.o(i.RCC_LSEClockSecuritySystemCmd), (12 bytes).
    Removing stm32l1xx_rcc.o(i.RCC_LSICmd), (12 bytes).
    Removing stm32l1xx_rcc.o(i.RCC_MCOConfig), (16 bytes).
    Removing stm32l1xx_rcc.o(i.RCC_MSICmd), (12 bytes).
    Removing stm32l1xx_rcc.o(i.RCC_MSIRangeConfig), (24 bytes).
    Removing stm32l1xx_rcc.o(i.RCC_PCLK1Config), (24 bytes).
    Removing stm32l1xx_rcc.o(i.RCC_PCLK2Config), (24 bytes).
    Removing stm32l1xx_rcc.o(i.RCC_PLLCmd), (12 bytes).
    Removing stm32l1xx_rcc.o(i.RCC_PLLConfig), (20 bytes).
    Removing stm32l1xx_rcc.o(i.RCC_RTCCLKCmd), (12 bytes).
    Removing stm32l1xx_rcc.o(i.RCC_SYSCLKConfig), (24 bytes).
    Removing stm32l1xx_rcc.o(i.RCC_WaitForHSEStartUp), (56 bytes).
    Removing stm32l1xx_rtc.o(.rev16_text), (4 bytes).
    Removing stm32l1xx_rtc.o(.revsh_text), (4 bytes).
    Removing stm32l1xx_rtc.o(i.RTC_AlarmCmd), (116 bytes).
    Removing stm32l1xx_rtc.o(i.RTC_AlarmStructInit), (22 bytes).
    Removing stm32l1xx_rtc.o(i.RTC_AlarmSubSecondConfig), (52 bytes).
    Removing stm32l1xx_rtc.o(i.RTC_Bcd2ToByte), (22 bytes).
    Removing stm32l1xx_rtc.o(i.RTC_BypassShadowCmd), (60 bytes).
    Removing stm32l1xx_rtc.o(i.RTC_ByteToBcd2), (28 bytes).
    Removing stm32l1xx_rtc.o(i.RTC_CalibOutputCmd), (60 bytes).
    Removing stm32l1xx_rtc.o(i.RTC_CalibOutputConfig), (48 bytes).
    Removing stm32l1xx_rtc.o(i.RTC_ClearFlag), (32 bytes).
    Removing stm32l1xx_rtc.o(i.RTC_CoarseCalibCmd), (80 bytes).
    Removing stm32l1xx_rtc.o(i.RTC_CoarseCalibConfig), (56 bytes).
    Removing stm32l1xx_rtc.o(i.RTC_DateStructInit), (14 bytes).
    Removing stm32l1xx_rtc.o(i.RTC_DayLightSavingConfig), (56 bytes).
    Removing stm32l1xx_rtc.o(i.RTC_DeInit), (212 bytes).
    Removing stm32l1xx_rtc.o(i.RTC_EnterInitMode), (80 bytes).
    Removing stm32l1xx_rtc.o(i.RTC_ExitInitMode), (20 bytes).
    Removing stm32l1xx_rtc.o(i.RTC_GetAlarm), (116 bytes).
    Removing stm32l1xx_rtc.o(i.RTC_GetAlarmSubSecond), (36 bytes).
    Removing stm32l1xx_rtc.o(i.RTC_GetDate), (76 bytes).
    Removing stm32l1xx_rtc.o(i.RTC_GetFlagStatus), (40 bytes).
    Removing stm32l1xx_rtc.o(i.RTC_GetStoreOperation), (16 bytes).
    Removing stm32l1xx_rtc.o(i.RTC_GetSubSecond), (20 bytes).
    Removing stm32l1xx_rtc.o(i.RTC_GetTime), (80 bytes).
    Removing stm32l1xx_rtc.o(i.RTC_GetTimeStamp), (156 bytes).
    Removing stm32l1xx_rtc.o(i.RTC_GetTimeStampSubSecond), (12 bytes).
    Removing stm32l1xx_rtc.o(i.RTC_GetWakeUpCounter), (12 bytes).
    Removing stm32l1xx_rtc.o(i.RTC_ITConfig), (100 bytes).
    Removing stm32l1xx_rtc.o(i.RTC_Init), (100 bytes).
    Removing stm32l1xx_rtc.o(i.RTC_OutputConfig), (56 bytes).
    Removing stm32l1xx_rtc.o(i.RTC_OutputTypeConfig), (28 bytes).
    Removing stm32l1xx_rtc.o(i.RTC_ReadBackupRegister), (32 bytes).
    Removing stm32l1xx_rtc.o(i.RTC_RefClockCmd), (80 bytes).
    Removing stm32l1xx_rtc.o(i.RTC_SetAlarm), (236 bytes).
    Removing stm32l1xx_rtc.o(i.RTC_SetDate), (200 bytes).
    Removing stm32l1xx_rtc.o(i.RTC_SetTime), (208 bytes).
    Removing stm32l1xx_rtc.o(i.RTC_SetWakeUpCounter), (28 bytes).
    Removing stm32l1xx_rtc.o(i.RTC_SmoothCalibConfig), (96 bytes).
    Removing stm32l1xx_rtc.o(i.RTC_StructInit), (14 bytes).
    Removing stm32l1xx_rtc.o(i.RTC_SynchroShiftConfig), (124 bytes).
    Removing stm32l1xx_rtc.o(i.RTC_TamperCmd), (32 bytes).
    Removing stm32l1xx_rtc.o(i.RTC_TamperFilterConfig), (28 bytes).
    Removing stm32l1xx_rtc.o(i.RTC_TamperPinsPrechargeDuration), (28 bytes).
    Removing stm32l1xx_rtc.o(i.RTC_TamperPullUpCmd), (36 bytes).
    Removing stm32l1xx_rtc.o(i.RTC_TamperSamplingFreqConfig), (28 bytes).
    Removing stm32l1xx_rtc.o(i.RTC_TamperTriggerConfig), (36 bytes).
    Removing stm32l1xx_rtc.o(i.RTC_TimeStampCmd), (56 bytes).
    Removing stm32l1xx_rtc.o(i.RTC_TimeStampOnTamperDetectionCmd), (36 bytes).
    Removing stm32l1xx_rtc.o(i.RTC_TimeStructInit), (12 bytes).
    Removing stm32l1xx_rtc.o(i.RTC_WaitForSynchro), (96 bytes).
    Removing stm32l1xx_rtc.o(i.RTC_WakeUpClockConfig), (48 bytes).
    Removing stm32l1xx_rtc.o(i.RTC_WakeUpCmd), (120 bytes).
    Removing stm32l1xx_rtc.o(i.RTC_WriteBackupRegister), (28 bytes).
    Removing stm32l1xx_rtc.o(i.RTC_WriteProtectionCmd), (28 bytes).
    Removing stm32l1xx_spi.o(.rev16_text), (4 bytes).
    Removing stm32l1xx_spi.o(.revsh_text), (4 bytes).
    Removing stm32l1xx_spi.o(i.I2S_Cmd), (24 bytes).
    Removing stm32l1xx_spi.o(i.I2S_Init), (212 bytes).
    Removing stm32l1xx_spi.o(i.I2S_StructInit), (20 bytes).
    Removing stm32l1xx_spi.o(i.SPI_BiDirectionalLineConfig), (28 bytes).
    Removing stm32l1xx_spi.o(i.SPI_CalculateCRC), (24 bytes).
    Removing stm32l1xx_spi.o(i.SPI_Cmd), (24 bytes).
    Removing stm32l1xx_spi.o(i.SPI_DataSizeConfig), (18 bytes).
    Removing stm32l1xx_spi.o(i.SPI_GetCRC), (16 bytes).
    Removing stm32l1xx_spi.o(i.SPI_GetCRCPolynomial), (6 bytes).
    Removing stm32l1xx_spi.o(i.SPI_I2S_ClearFlag), (6 bytes).
    Removing stm32l1xx_spi.o(i.SPI_I2S_ClearITPendingBit), (20 bytes).
    Removing stm32l1xx_spi.o(i.SPI_I2S_DMACmd), (18 bytes).
    Removing stm32l1xx_spi.o(i.SPI_I2S_DeInit), (88 bytes).
    Removing stm32l1xx_spi.o(i.SPI_I2S_GetFlagStatus), (18 bytes).
    Removing stm32l1xx_spi.o(i.SPI_I2S_GetITStatus), (52 bytes).
    Removing stm32l1xx_spi.o(i.SPI_I2S_ITConfig), (32 bytes).
    Removing stm32l1xx_spi.o(i.SPI_I2S_ReceiveData), (6 bytes).
    Removing stm32l1xx_spi.o(i.SPI_I2S_SendData), (4 bytes).
    Removing stm32l1xx_spi.o(i.SPI_Init), (60 bytes).
    Removing stm32l1xx_spi.o(i.SPI_NSSInternalSoftwareConfig), (30 bytes).
    Removing stm32l1xx_spi.o(i.SPI_SSOutputCmd), (24 bytes).
    Removing stm32l1xx_spi.o(i.SPI_StructInit), (24 bytes).
    Removing stm32l1xx_spi.o(i.SPI_TransmitCRC), (10 bytes).
    Removing stm32l1xx_syscfg.o(.rev16_text), (4 bytes).
    Removing stm32l1xx_syscfg.o(.revsh_text), (4 bytes).
    Removing stm32l1xx_syscfg.o(i.SYSCFG_DeInit), (20 bytes).
    Removing stm32l1xx_syscfg.o(i.SYSCFG_EXTILineConfig), (64 bytes).
    Removing stm32l1xx_syscfg.o(i.SYSCFG_GetBootMode), (16 bytes).
    Removing stm32l1xx_syscfg.o(i.SYSCFG_MemoryRemapConfig), (12 bytes).
    Removing stm32l1xx_syscfg.o(i.SYSCFG_RIChannelSpeedConfig), (32 bytes).
    Removing stm32l1xx_syscfg.o(i.SYSCFG_RIDeInit), (36 bytes).
    Removing stm32l1xx_syscfg.o(i.SYSCFG_RIHysteresisConfig), (272 bytes).
    Removing stm32l1xx_syscfg.o(i.SYSCFG_RIIOSwitchConfig), (76 bytes).
    Removing stm32l1xx_syscfg.o(i.SYSCFG_RIResistorConfig), (32 bytes).
    Removing stm32l1xx_syscfg.o(i.SYSCFG_RISwitchControlModeCmd), (36 bytes).
    Removing stm32l1xx_syscfg.o(i.SYSCFG_RITIMInputCaptureConfig), (92 bytes).
    Removing stm32l1xx_syscfg.o(i.SYSCFG_RITIMSelect), (24 bytes).
    Removing stm32l1xx_syscfg.o(i.SYSCFG_USBPuCmd), (36 bytes).
    Removing stm32l1xx_tim.o(.rev16_text), (4 bytes).
    Removing stm32l1xx_tim.o(.revsh_text), (4 bytes).
    Removing stm32l1xx_tim.o(i.TI1_Config), (58 bytes).
    Removing stm32l1xx_tim.o(i.TI2_Config), (80 bytes).
    Removing stm32l1xx_tim.o(i.TI3_Config), (72 bytes).
    Removing stm32l1xx_tim.o(i.TI4_Config), (80 bytes).
    Removing stm32l1xx_tim.o(i.TIM_ARRPreloadConfig), (24 bytes).
    Removing stm32l1xx_tim.o(i.TIM_CCxCmd), (30 bytes).
    Removing stm32l1xx_tim.o(i.TIM_ClearFlag), (6 bytes).
    Removing stm32l1xx_tim.o(i.TIM_ClearITPendingBit), (6 bytes).
    Removing stm32l1xx_tim.o(i.TIM_ClearOC1Ref), (18 bytes).
    Removing stm32l1xx_tim.o(i.TIM_ClearOC2Ref), (24 bytes).
    Removing stm32l1xx_tim.o(i.TIM_ClearOC3Ref), (18 bytes).
    Removing stm32l1xx_tim.o(i.TIM_ClearOC4Ref), (24 bytes).
    Removing stm32l1xx_tim.o(i.TIM_Cmd), (24 bytes).
    Removing stm32l1xx_tim.o(i.TIM_CounterModeConfig), (18 bytes).
    Removing stm32l1xx_tim.o(i.TIM_DMACmd), (18 bytes).
    Removing stm32l1xx_tim.o(i.TIM_DMAConfig), (10 bytes).
    Removing stm32l1xx_tim.o(i.TIM_DeInit), (252 bytes).
    Removing stm32l1xx_tim.o(i.TIM_ETRClockMode1Config), (54 bytes).
    Removing stm32l1xx_tim.o(i.TIM_ETRClockMode2Config), (32 bytes).
    Removing stm32l1xx_tim.o(i.TIM_ETRConfig), (28 bytes).
    Removing stm32l1xx_tim.o(i.TIM_EncoderInterfaceConfig), (66 bytes).
    Removing stm32l1xx_tim.o(i.TIM_ForcedOC1Config), (18 bytes).
    Removing stm32l1xx_tim.o(i.TIM_ForcedOC2Config), (26 bytes).
    Removing stm32l1xx_tim.o(i.TIM_ForcedOC3Config), (18 bytes).
    Removing stm32l1xx_tim.o(i.TIM_ForcedOC4Config), (26 bytes).
    Removing stm32l1xx_tim.o(i.TIM_GenerateEvent), (4 bytes).
    Removing stm32l1xx_tim.o(i.TIM_GetCapture1), (6 bytes).
    Removing stm32l1xx_tim.o(i.TIM_GetCapture2), (6 bytes).
    Removing stm32l1xx_tim.o(i.TIM_GetCapture3), (6 bytes).
    Removing stm32l1xx_tim.o(i.TIM_GetCapture4), (6 bytes).
    Removing stm32l1xx_tim.o(i.TIM_GetCounter), (6 bytes).
    Removing stm32l1xx_tim.o(i.TIM_GetFlagStatus), (18 bytes).
    Removing stm32l1xx_tim.o(i.TIM_GetITStatus), (34 bytes).
    Removing stm32l1xx_tim.o(i.TIM_GetPrescaler), (6 bytes).
    Removing stm32l1xx_tim.o(i.TIM_ICInit), (110 bytes).
    Removing stm32l1xx_tim.o(i.TIM_ICStructInit), (18 bytes).
    Removing stm32l1xx_tim.o(i.TIM_ITConfig), (18 bytes).
    Removing stm32l1xx_tim.o(i.TIM_ITRxExternalClockConfig), (24 bytes).
    Removing stm32l1xx_tim.o(i.TIM_InternalClockConfig), (12 bytes).
    Removing stm32l1xx_tim.o(i.TIM_OC1FastConfig), (18 bytes).
    Removing stm32l1xx_tim.o(i.TIM_OC1Init), (56 bytes).
    Removing stm32l1xx_tim.o(i.TIM_OC1PolarityConfig), (18 bytes).
    Removing stm32l1xx_tim.o(i.TIM_OC1PreloadConfig), (18 bytes).
    Removing stm32l1xx_tim.o(i.TIM_OC2FastConfig), (26 bytes).
    Removing stm32l1xx_tim.o(i.TIM_OC2Init), (70 bytes).
    Removing stm32l1xx_tim.o(i.TIM_OC2PolarityConfig), (26 bytes).
    Removing stm32l1xx_tim.o(i.TIM_OC2PreloadConfig), (26 bytes).
    Removing stm32l1xx_tim.o(i.TIM_OC3FastConfig), (18 bytes).
    Removing stm32l1xx_tim.o(i.TIM_OC3Init), (66 bytes).
    Removing stm32l1xx_tim.o(i.TIM_OC3PolarityConfig), (26 bytes).
    Removing stm32l1xx_tim.o(i.TIM_OC3PreloadConfig), (18 bytes).
    Removing stm32l1xx_tim.o(i.TIM_OC4FastConfig), (26 bytes).
    Removing stm32l1xx_tim.o(i.TIM_OC4Init), (70 bytes).
    Removing stm32l1xx_tim.o(i.TIM_OC4PolarityConfig), (26 bytes).
    Removing stm32l1xx_tim.o(i.TIM_OC4PreloadConfig), (26 bytes).
    Removing stm32l1xx_tim.o(i.TIM_OCStructInit), (12 bytes).
    Removing stm32l1xx_tim.o(i.TIM_PWMIConfig), (124 bytes).
    Removing stm32l1xx_tim.o(i.TIM_PrescalerConfig), (6 bytes).
    Removing stm32l1xx_tim.o(i.TIM_RemapConfig), (22 bytes).
    Removing stm32l1xx_tim.o(i.TIM_SelectCCDMA), (24 bytes).
    Removing stm32l1xx_tim.o(i.TIM_SelectHallSensor), (24 bytes).
    Removing stm32l1xx_tim.o(i.TIM_SelectInputTrigger), (18 bytes).
    Removing stm32l1xx_tim.o(i.TIM_SelectMasterSlaveMode), (18 bytes).
    Removing stm32l1xx_tim.o(i.TIM_SelectOCREFClear), (18 bytes).
    Removing stm32l1xx_tim.o(i.TIM_SelectOCxM), (82 bytes).
    Removing stm32l1xx_tim.o(i.TIM_SelectOnePulseMode), (18 bytes).
    Removing stm32l1xx_tim.o(i.TIM_SelectOutputTrigger), (18 bytes).
    Removing stm32l1xx_tim.o(i.TIM_SelectSlaveMode), (18 bytes).
    Removing stm32l1xx_tim.o(i.TIM_SetAutoreload), (4 bytes).
    Removing stm32l1xx_tim.o(i.TIM_SetClockDivision), (18 bytes).
    Removing stm32l1xx_tim.o(i.TIM_SetCompare1), (4 bytes).
    Removing stm32l1xx_tim.o(i.TIM_SetCompare2), (4 bytes).
    Removing stm32l1xx_tim.o(i.TIM_SetCompare3), (4 bytes).
    Removing stm32l1xx_tim.o(i.TIM_SetCompare4), (4 bytes).
    Removing stm32l1xx_tim.o(i.TIM_SetCounter), (4 bytes).
    Removing stm32l1xx_tim.o(i.TIM_SetIC1Prescaler), (18 bytes).
    Removing stm32l1xx_tim.o(i.TIM_SetIC2Prescaler), (26 bytes).
    Removing stm32l1xx_tim.o(i.TIM_SetIC3Prescaler), (18 bytes).
    Removing stm32l1xx_tim.o(i.TIM_SetIC4Prescaler), (26 bytes).
    Removing stm32l1xx_tim.o(i.TIM_TIxExternalClockConfig), (62 bytes).
    Removing stm32l1xx_tim.o(i.TIM_TimeBaseInit), (96 bytes).
    Removing stm32l1xx_tim.o(i.TIM_TimeBaseStructInit), (16 bytes).
    Removing stm32l1xx_tim.o(i.TIM_UpdateDisableConfig), (24 bytes).
    Removing stm32l1xx_tim.o(i.TIM_UpdateRequestConfig), (24 bytes).
    Removing stm32l1xx_usart.o(.rev16_text), (4 bytes).
    Removing stm32l1xx_usart.o(.revsh_text), (4 bytes).
    Removing stm32l1xx_usart.o(i.USART_ClearITPendingBit), (30 bytes).
    Removing stm32l1xx_usart.o(i.USART_ClockInit), (32 bytes).
    Removing stm32l1xx_usart.o(i.USART_ClockStructInit), (12 bytes).
    Removing stm32l1xx_usart.o(i.USART_DMACmd), (18 bytes).
    Removing stm32l1xx_usart.o(i.USART_DeInit), (156 bytes).
    Removing stm32l1xx_usart.o(i.USART_GetITStatus), (84 bytes).
    Removing stm32l1xx_usart.o(i.USART_HalfDuplexCmd), (24 bytes).
    Removing stm32l1xx_usart.o(i.USART_ITConfig), (74 bytes).
    Removing stm32l1xx_usart.o(i.USART_IrDACmd), (24 bytes).
    Removing stm32l1xx_usart.o(i.USART_IrDAConfig), (18 bytes).
    Removing stm32l1xx_usart.o(i.USART_LINBreakDetectLengthConfig), (18 bytes).
    Removing stm32l1xx_usart.o(i.USART_LINCmd), (24 bytes).
    Removing stm32l1xx_usart.o(i.USART_OneBitMethodCmd), (24 bytes).
    Removing stm32l1xx_usart.o(i.USART_OverSampling8Cmd), (22 bytes).
    Removing stm32l1xx_usart.o(i.USART_ReceiverWakeUpCmd), (24 bytes).
    Removing stm32l1xx_usart.o(i.USART_SendBreak), (10 bytes).
    Removing stm32l1xx_usart.o(i.USART_SetAddress), (18 bytes).
    Removing stm32l1xx_usart.o(i.USART_SetGuardTime), (16 bytes).
    Removing stm32l1xx_usart.o(i.USART_SetPrescaler), (16 bytes).
    Removing stm32l1xx_usart.o(i.USART_SmartCardCmd), (24 bytes).
    Removing stm32l1xx_usart.o(i.USART_SmartCardNACKCmd), (24 bytes).
    Removing stm32l1xx_usart.o(i.USART_StructInit), (24 bytes).
    Removing stm32l1xx_usart.o(i.USART_WakeUpConfig), (18 bytes).
    Removing stm32l_discovery_lcd.o(.rev16_text), (4 bytes).
    Removing stm32l_discovery_lcd.o(.revsh_text), (4 bytes).
    Removing stm32l_discovery_lcd.o(i.LCD_Conv_Char_Seg), (300 bytes).
    Removing stm32l_discovery_lcd.o(i.LCD_GLASS_Clear), (48 bytes).
    Removing stm32l_discovery_lcd.o(i.LCD_GLASS_Configure_GPIO), (380 bytes).
    Removing stm32l_discovery_lcd.o(i.LCD_GLASS_DisplayStrDeci), (108 bytes).
    Removing stm32l_discovery_lcd.o(i.LCD_GLASS_DisplayString), (54 bytes).
    Removing stm32l_discovery_lcd.o(i.LCD_GLASS_Init), (110 bytes).
    Removing stm32l_discovery_lcd.o(i.LCD_GLASS_ScrollSentence), (212 bytes).
    Removing stm32l_discovery_lcd.o(i.LCD_GLASS_WriteChar), (1348 bytes).
    Removing stm32l_discovery_lcd.o(i.LCD_bar), (60 bytes).
    Removing stm32l_discovery_lcd.o(i.LCD_contrast), (60 bytes).
    Removing stm32l_discovery_lcd.o(.constdata), (72 bytes).
    Removing stm32l_discovery_lcd.o(.data), (3 bytes).
    Removing system_stm32l1xx.o(.rev16_text), (4 bytes).
    Removing system_stm32l1xx.o(.revsh_text), (4 bytes).
    Removing system_stm32l1xx.o(i.SystemCoreClockUpdate), (220 bytes).
    Removing system_stm32l1xx.o(.data), (29 bytes).
    Removing stm32l1xx_it.o(.rev16_text), (4 bytes).
    Removing stm32l1xx_it.o(.revsh_text), (4 bytes).
    Removing main.o(.rev16_text), (4 bytes).
    Removing main.o(.revsh_text), (4 bytes).
    Removing main.o(i.Delay), (20 bytes).
    Removing main.o(i.DelaySW), (22 bytes).
    Removing main.o(i.Init_GPIOs), (176 bytes).
    Removing main.o(i.My_Usart1_ReadLine), (148 bytes).
    Removing main.o(i.RCC_Configuration), (76 bytes).
    Removing main.o(i.RTC_Configuration), (54 bytes).
    Removing main.o(i.acquireTemperatureData), (112 bytes).
    Removing main.o(i.clearADCDMA_TransferComplete), (12 bytes).
    Removing main.o(i.clearUserButtonFlag), (12 bytes).
    Removing main.o(i.conf_analog_all_GPIOS), (124 bytes).
    Removing main.o(i.configureADC_Temp), (176 bytes).
    Removing main.o(i.configureDMA), (132 bytes).
    Removing main.o(i.configureWakeup), (172 bytes).
    Removing main.o(i.getFactoryTSCalibData), (64 bytes).
    Removing main.o(i.insertionSort), (52 bytes).
    Removing main.o(i.interquartileMean), (36 bytes).
    Removing main.o(i.main2), (460 bytes).
    Removing main.o(i.powerDownADC_Temper), (48 bytes).
    Removing main.o(i.processTempData), (172 bytes).
    Removing main.o(i.testFactoryCalibData), (30 bytes).
    Removing main.o(i.testUserCalibData), (24 bytes).
    Removing main.o(i.writeCalibData), (80 bytes).
    Removing dadd.o(.text), (334 bytes).
    Removing dmul.o(.text), (228 bytes).
    Removing ddiv.o(.text), (222 bytes).
    Removing dfixul.o(.text), (48 bytes).
    Removing cdrcmple.o(.text), (48 bytes).
    Removing depilogue.o(.text), (186 bytes).

549 unused section(s) (total 24186 bytes) removed from the image.

==============================================================================

Image Symbol Table

    Local Symbols

    Symbol Name                              Value     Ov Type        Size  Object(Section)

    ../clib/microlib/division.c              0x00000000   Number         0  uidiv.o ABSOLUTE
    ../clib/microlib/division.c              0x00000000   Number         0  uldiv.o ABSOLUTE
    ../clib/microlib/init/entry.s            0x00000000   Number         0  entry7a.o ABSOLUTE
    ../clib/microlib/init/entry.s            0x00000000   Number         0  entry10a.o ABSOLUTE
    ../clib/microlib/init/entry.s            0x00000000   Number         0  entry5.o ABSOLUTE
    ../clib/microlib/init/entry.s            0x00000000   Number         0  entry9b.o ABSOLUTE
    ../clib/microlib/init/entry.s            0x00000000   Number         0  entry11a.o ABSOLUTE
    ../clib/microlib/init/entry.s            0x00000000   Number         0  entry2.o ABSOLUTE
    ../clib/microlib/init/entry.s            0x00000000   Number         0  entry9a.o ABSOLUTE
    ../clib/microlib/init/entry.s            0x00000000   Number         0  entry8b.o ABSOLUTE
    ../clib/microlib/init/entry.s            0x00000000   Number         0  entry11b.o ABSOLUTE
    ../clib/microlib/init/entry.s            0x00000000   Number         0  entry.o ABSOLUTE
    ../clib/microlib/init/entry.s            0x00000000   Number         0  entry8a.o ABSOLUTE
    ../clib/microlib/init/entry.s            0x00000000   Number         0  entry7b.o ABSOLUTE
    ../clib/microlib/init/entry.s            0x00000000   Number         0  entry10b.o ABSOLUTE
    ../clib/microlib/longlong.c              0x00000000   Number         0  llsshr.o ABSOLUTE
    ../clib/microlib/longlong.c              0x00000000   Number         0  llushr.o ABSOLUTE
    ../clib/microlib/longlong.c              0x00000000   Number         0  llshl.o ABSOLUTE
    ../clib/microlib/printf/printf.c         0x00000000   Number         0  printf5.o ABSOLUTE
    ../clib/microlib/printf/printf.c         0x00000000   Number         0  printfb.o ABSOLUTE
    ../clib/microlib/printf/printf.c         0x00000000   Number         0  printf0.o ABSOLUTE
    ../clib/microlib/printf/printf.c         0x00000000   Number         0  printf1.o ABSOLUTE
    ../clib/microlib/printf/printf.c         0x00000000   Number         0  printf2.o ABSOLUTE
    ../clib/microlib/printf/printf.c         0x00000000   Number         0  printf3.o ABSOLUTE
    ../clib/microlib/printf/printf.c         0x00000000   Number         0  printf4.o ABSOLUTE
    ../clib/microlib/printf/printf.c         0x00000000   Number         0  printfa.o ABSOLUTE
    ../clib/microlib/printf/printf.c         0x00000000   Number         0  printf8.o ABSOLUTE
    ../clib/microlib/printf/printf.c         0x00000000   Number         0  printf7.o ABSOLUTE
    ../clib/microlib/printf/printf.c         0x00000000   Number         0  printf6.o ABSOLUTE
    ../clib/microlib/printf/stubs.s          0x00000000   Number         0  stubs.o ABSOLUTE
    ../clib/microlib/stdio/fputc.c           0x00000000   Number         0  fputc.o ABSOLUTE
    ../clib/microlib/stdio/semi.s            0x00000000   Number         0  semi.o ABSOLUTE
    ../clib/microlib/stdio/streams.c         0x00000000   Number         0  stdout.o ABSOLUTE
    ../clib/microlib/string/memcpy.c         0x00000000   Number         0  memcpyb.o ABSOLUTE
    ../clib/microlib/string/memcpy.c         0x00000000   Number         0  memcpya.o ABSOLUTE
    ../clib/microlib/string/memset.c         0x00000000   Number         0  memseta.o ABSOLUTE
    ../clib/microlib/string/strlen.c         0x00000000   Number         0  strlen.o ABSOLUTE
    ../clib/microlib/stubs.s                 0x00000000   Number         0  iusefp.o ABSOLUTE
    ../clib/microlib/stubs.s                 0x00000000   Number         0  iusesemip.o ABSOLUTE
    ../fplib/microlib/fpadd.c                0x00000000   Number         0  dadd.o ABSOLUTE
    ../fplib/microlib/fpdiv.c                0x00000000   Number         0  ddiv.o ABSOLUTE
    ../fplib/microlib/fpepilogue.c           0x00000000   Number         0  depilogue.o ABSOLUTE
    ../fplib/microlib/fpfix.c                0x00000000   Number         0  dfixul.o ABSOLUTE
    ../fplib/microlib/fpmul.c                0x00000000   Number         0  dmul.o ABSOLUTE
    ..\..\..\Libraries\CMSIS\Device\ST\STM32L1xx\Source\Templates\arm\startup_stm32l1xx_mdp.s 0x00000000   Number         0  startup_stm32l1xx_mdp.o ABSOLUTE
    ..\..\..\Libraries\STM32L1xx_StdPeriph_Driver\src\misc.c 0x00000000   Number         0  misc.o ABSOLUTE
    ..\..\..\Libraries\STM32L1xx_StdPeriph_Driver\src\stm32l1xx_adc.c 0x00000000   Number         0  stm32l1xx_adc.o ABSOLUTE
    ..\..\..\Libraries\STM32L1xx_StdPeriph_Driver\src\stm32l1xx_comp.c 0x00000000   Number         0  stm32l1xx_comp.o ABSOLUTE
    ..\..\..\Libraries\STM32L1xx_StdPeriph_Driver\src\stm32l1xx_crc.c 0x00000000   Number         0  stm32l1xx_crc.o ABSOLUTE
    ..\..\..\Libraries\STM32L1xx_StdPeriph_Driver\src\stm32l1xx_dac.c 0x00000000   Number         0  stm32l1xx_dac.o ABSOLUTE
    ..\..\..\Libraries\STM32L1xx_StdPeriph_Driver\src\stm32l1xx_dbgmcu.c 0x00000000   Number         0  stm32l1xx_dbgmcu.o ABSOLUTE
    ..\..\..\Libraries\STM32L1xx_StdPeriph_Driver\src\stm32l1xx_dma.c 0x00000000   Number         0  stm32l1xx_dma.o ABSOLUTE
    ..\..\..\Libraries\STM32L1xx_StdPeriph_Driver\src\stm32l1xx_exti.c 0x00000000   Number         0  stm32l1xx_exti.o ABSOLUTE
    ..\..\..\Libraries\STM32L1xx_StdPeriph_Driver\src\stm32l1xx_flash.c 0x00000000   Number         0  stm32l1xx_flash.o ABSOLUTE
    ..\..\..\Libraries\STM32L1xx_StdPeriph_Driver\src\stm32l1xx_gpio.c 0x00000000   Number         0  stm32l1xx_gpio.o ABSOLUTE
    ..\..\..\Libraries\STM32L1xx_StdPeriph_Driver\src\stm32l1xx_i2c.c 0x00000000   Number         0  stm32l1xx_i2c.o ABSOLUTE
    ..\..\..\Libraries\STM32L1xx_StdPeriph_Driver\src\stm32l1xx_iwdg.c 0x00000000   Number         0  stm32l1xx_iwdg.o ABSOLUTE
    ..\..\..\Libraries\STM32L1xx_StdPeriph_Driver\src\stm32l1xx_lcd.c 0x00000000   Number         0  stm32l1xx_lcd.o ABSOLUTE
    ..\..\..\Libraries\STM32L1xx_StdPeriph_Driver\src\stm32l1xx_pwr.c 0x00000000   Number         0  stm32l1xx_pwr.o ABSOLUTE
    ..\..\..\Libraries\STM32L1xx_StdPeriph_Driver\src\stm32l1xx_rcc.c 0x00000000   Number         0  stm32l1xx_rcc.o ABSOLUTE
    ..\..\..\Libraries\STM32L1xx_StdPeriph_Driver\src\stm32l1xx_rtc.c 0x00000000   Number         0  stm32l1xx_rtc.o ABSOLUTE
    ..\..\..\Libraries\STM32L1xx_StdPeriph_Driver\src\stm32l1xx_spi.c 0x00000000   Number         0  stm32l1xx_spi.o ABSOLUTE
    ..\..\..\Libraries\STM32L1xx_StdPeriph_Driver\src\stm32l1xx_syscfg.c 0x00000000   Number         0  stm32l1xx_syscfg.o ABSOLUTE
    ..\..\..\Libraries\STM32L1xx_StdPeriph_Driver\src\stm32l1xx_tim.c 0x00000000   Number         0  stm32l1xx_tim.o ABSOLUTE
    ..\..\..\Libraries\STM32L1xx_StdPeriph_Driver\src\stm32l1xx_usart.c 0x00000000   Number         0  stm32l1xx_usart.o ABSOLUTE
    ..\..\..\Libraries\STM32L1xx_StdPeriph_Driver\src\stm32l1xx_wwdg.c 0x00000000   Number         0  stm32l1xx_wwdg.o ABSOLUTE
    ..\..\..\Utilities\STM32L-DISCOVERY\stm32l_discovery_lcd.c 0x00000000   Number         0  stm32l_discovery_lcd.o ABSOLUTE
    ..\\..\\..\\Libraries\\STM32L1xx_StdPeriph_Driver\\src\\misc.c 0x00000000   Number         0  misc.o ABSOLUTE
    ..\\..\\..\\Libraries\\STM32L1xx_StdPeriph_Driver\\src\\stm32l1xx_adc.c 0x00000000   Number         0  stm32l1xx_adc.o ABSOLUTE
    ..\\..\\..\\Libraries\\STM32L1xx_StdPeriph_Driver\\src\\stm32l1xx_comp.c 0x00000000   Number         0  stm32l1xx_comp.o ABSOLUTE
    ..\\..\\..\\Libraries\\STM32L1xx_StdPeriph_Driver\\src\\stm32l1xx_crc.c 0x00000000   Number         0  stm32l1xx_crc.o ABSOLUTE
    ..\\..\\..\\Libraries\\STM32L1xx_StdPeriph_Driver\\src\\stm32l1xx_dac.c 0x00000000   Number         0  stm32l1xx_dac.o ABSOLUTE
    ..\\..\\..\\Libraries\\STM32L1xx_StdPeriph_Driver\\src\\stm32l1xx_dbgmcu.c 0x00000000   Number         0  stm32l1xx_dbgmcu.o ABSOLUTE
    ..\\..\\..\\Libraries\\STM32L1xx_StdPeriph_Driver\\src\\stm32l1xx_dma.c 0x00000000   Number         0  stm32l1xx_dma.o ABSOLUTE
    ..\\..\\..\\Libraries\\STM32L1xx_StdPeriph_Driver\\src\\stm32l1xx_exti.c 0x00000000   Number         0  stm32l1xx_exti.o ABSOLUTE
    ..\\..\\..\\Libraries\\STM32L1xx_StdPeriph_Driver\\src\\stm32l1xx_flash.c 0x00000000   Number         0  stm32l1xx_flash.o ABSOLUTE
    ..\\..\\..\\Libraries\\STM32L1xx_StdPeriph_Driver\\src\\stm32l1xx_gpio.c 0x00000000   Number         0  stm32l1xx_gpio.o ABSOLUTE
    ..\\..\\..\\Libraries\\STM32L1xx_StdPeriph_Driver\\src\\stm32l1xx_i2c.c 0x00000000   Number         0  stm32l1xx_i2c.o ABSOLUTE
    ..\\..\\..\\Libraries\\STM32L1xx_StdPeriph_Driver\\src\\stm32l1xx_iwdg.c 0x00000000   Number         0  stm32l1xx_iwdg.o ABSOLUTE
    ..\\..\\..\\Libraries\\STM32L1xx_StdPeriph_Driver\\src\\stm32l1xx_lcd.c 0x00000000   Number         0  stm32l1xx_lcd.o ABSOLUTE
    ..\\..\\..\\Libraries\\STM32L1xx_StdPeriph_Driver\\src\\stm32l1xx_pwr.c 0x00000000   Number         0  stm32l1xx_pwr.o ABSOLUTE
    ..\\..\\..\\Libraries\\STM32L1xx_StdPeriph_Driver\\src\\stm32l1xx_rcc.c 0x00000000   Number         0  stm32l1xx_rcc.o ABSOLUTE
    ..\\..\\..\\Libraries\\STM32L1xx_StdPeriph_Driver\\src\\stm32l1xx_rtc.c 0x00000000   Number         0  stm32l1xx_rtc.o ABSOLUTE
    ..\\..\\..\\Libraries\\STM32L1xx_StdPeriph_Driver\\src\\stm32l1xx_spi.c 0x00000000   Number         0  stm32l1xx_spi.o ABSOLUTE
    ..\\..\\..\\Libraries\\STM32L1xx_StdPeriph_Driver\\src\\stm32l1xx_syscfg.c 0x00000000   Number         0  stm32l1xx_syscfg.o ABSOLUTE
    ..\\..\\..\\Libraries\\STM32L1xx_StdPeriph_Driver\\src\\stm32l1xx_tim.c 0x00000000   Number         0  stm32l1xx_tim.o ABSOLUTE
    ..\\..\\..\\Libraries\\STM32L1xx_StdPeriph_Driver\\src\\stm32l1xx_usart.c 0x00000000   Number         0  stm32l1xx_usart.o ABSOLUTE
    ..\\..\\..\\Libraries\\STM32L1xx_StdPeriph_Driver\\src\\stm32l1xx_wwdg.c 0x00000000   Number         0  stm32l1xx_wwdg.o ABSOLUTE
    ..\\..\\..\\Utilities\\STM32L-DISCOVERY\\stm32l_discovery_lcd.c 0x00000000   Number         0  stm32l_discovery_lcd.o ABSOLUTE
    ..\\src\\main.c                          0x00000000   Number         0  main.o ABSOLUTE
    ..\\src\\stm32l1xx_it.c                  0x00000000   Number         0  stm32l1xx_it.o ABSOLUTE
    ..\\src\\system_stm32l1xx.c              0x00000000   Number         0  system_stm32l1xx.o ABSOLUTE
    ..\src\main.c                            0x00000000   Number         0  main.o ABSOLUTE
    ..\src\stm32l1xx_it.c                    0x00000000   Number         0  stm32l1xx_it.o ABSOLUTE
    ..\src\system_stm32l1xx.c                0x00000000   Number         0  system_stm32l1xx.o ABSOLUTE
    cdrcmple.s                               0x00000000   Number         0  cdrcmple.o ABSOLUTE
    dc.s                                     0x00000000   Number         0  dc.o ABSOLUTE
    handlers.s                               0x00000000   Number         0  handlers.o ABSOLUTE
    init.s                                   0x00000000   Number         0  init.o ABSOLUTE
    RESET                                    0x08000000   Section      292  startup_stm32l1xx_mdp.o(RESET)
    .ARM.Collect$$$$00000000                 0x08000124   Section        0  entry.o(.ARM.Collect$$$$00000000)
    .ARM.Collect$$$$00000001                 0x08000124   Section        4  entry2.o(.ARM.Collect$$$$00000001)
    .ARM.Collect$$$$00000004                 0x08000128   Section        4  entry5.o(.ARM.Collect$$$$00000004)
    .ARM.Collect$$$$00000008                 0x0800012c   Section        0  entry7b.o(.ARM.Collect$$$$00000008)
    .ARM.Collect$$$$0000000A                 0x0800012c   Section        0  entry8b.o(.ARM.Collect$$$$0000000A)
    .ARM.Collect$$$$0000000B                 0x0800012c   Section        8  entry9a.o(.ARM.Collect$$$$0000000B)
    .ARM.Collect$$$$0000000D                 0x08000134   Section        0  entry10a.o(.ARM.Collect$$$$0000000D)
    .ARM.Collect$$$$0000000F                 0x08000134   Section        0  entry11a.o(.ARM.Collect$$$$0000000F)
    .ARM.Collect$$$$00002712                 0x08000134   Section        4  entry2.o(.ARM.Collect$$$$00002712)
    __lit__00000000                          0x08000134   Data           4  entry2.o(.ARM.Collect$$$$00002712)
    .text                                    0x08000138   Section       36  startup_stm32l1xx_mdp.o(.text)
    .text                                    0x0800015c   Section        0  memcpya.o(.text)
    .text                                    0x08000180   Section        0  memseta.o(.text)
    .text                                    0x080001a4   Section        0  strlen.o(.text)
    .text                                    0x080001b2   Section        0  uidiv.o(.text)
    .text                                    0x080001e0   Section       36  init.o(.text)
    i.BusFault_Handler                       0x08000204   Section        0  stm32l1xx_it.o(i.BusFault_Handler)
    i.DMA1_Channel1_IRQHandler               0x08000208   Section        0  stm32l1xx_it.o(i.DMA1_Channel1_IRQHandler)
    i.DMA_ClearFlag                          0x08000218   Section        0  stm32l1xx_dma.o(i.DMA_ClearFlag)
    i.DebugMon_Handler                       0x08000234   Section        0  stm32l1xx_it.o(i.DebugMon_Handler)
    i.EXTI0_IRQHandler                       0x08000236   Section        0  stm32l1xx_it.o(i.EXTI0_IRQHandler)
    i.EXTI_ClearITPendingBit                 0x08000244   Section        0  stm32l1xx_exti.o(i.EXTI_ClearITPendingBit)
    i.GPIO_Init                              0x08000250   Section        0  stm32l1xx_gpio.o(i.GPIO_Init)
    i.GPIO_PinAFConfig                       0x080002d4   Section        0  stm32l1xx_gpio.o(i.GPIO_PinAFConfig)
    i.HardFault_Handler                      0x0800031a   Section        0  stm32l1xx_it.o(i.HardFault_Handler)
    i.MemManage_Handler                      0x0800031e   Section        0  stm32l1xx_it.o(i.MemManage_Handler)
    i.NMI_Handler                            0x08000322   Section        0  stm32l1xx_it.o(i.NMI_Handler)
    i.PWR_RTCAccessCmd                       0x08000324   Section        0  stm32l1xx_pwr.o(i.PWR_RTCAccessCmd)
    i.PendSV_Handler                         0x08000330   Section        0  stm32l1xx_it.o(i.PendSV_Handler)
    i.RCC_AHBPeriphClockCmd                  0x08000334   Section        0  stm32l1xx_rcc.o(i.RCC_AHBPeriphClockCmd)
    i.RCC_APB1PeriphClockCmd                 0x08000354   Section        0  stm32l1xx_rcc.o(i.RCC_APB1PeriphClockCmd)
    i.RCC_APB2PeriphClockCmd                 0x08000374   Section        0  stm32l1xx_rcc.o(i.RCC_APB2PeriphClockCmd)
    i.RCC_Config                             0x08000394   Section        0  main.o(i.RCC_Config)
    i.RCC_GetClocksFreq                      0x080003cc   Section        0  stm32l1xx_rcc.o(i.RCC_GetClocksFreq)
    i.RCC_GetFlagStatus                      0x080004cc   Section        0  stm32l1xx_rcc.o(i.RCC_GetFlagStatus)
    i.RCC_LSEConfig                          0x08000500   Section        0  stm32l1xx_rcc.o(i.RCC_LSEConfig)
    i.RCC_RTCCLKConfig                       0x08000510   Section        0  stm32l1xx_rcc.o(i.RCC_RTCCLKConfig)
    i.RCC_RTCResetCmd                        0x08000554   Section        0  stm32l1xx_rcc.o(i.RCC_RTCResetCmd)
    i.RTC_ClearITPendingBit                  0x08000560   Section        0  stm32l1xx_rtc.o(i.RTC_ClearITPendingBit)
    i.RTC_GetITStatus                        0x08000580   Section        0  stm32l1xx_rtc.o(i.RTC_GetITStatus)
    i.RTC_WKUP_IRQHandler                    0x080005c4   Section        0  stm32l1xx_it.o(i.RTC_WKUP_IRQHandler)
    i.SVC_Handler                            0x080005e2   Section        0  stm32l1xx_it.o(i.SVC_Handler)
    i.SetSysClock                            0x080005e4   Section        0  system_stm32l1xx.o(i.SetSysClock)
    SetSysClock                              0x080005e5   Thumb Code   200  system_stm32l1xx.o(i.SetSysClock)
    i.SysTick_Handler                        0x080006b8   Section        0  stm32l1xx_it.o(i.SysTick_Handler)
    i.SystemInit                             0x080006c0   Section        0  system_stm32l1xx.o(i.SystemInit)
    i.TimingDelay_Decrement                  0x08000728   Section        0  main.o(i.TimingDelay_Decrement)
    i.UART1_Cmd                              0x08000740   Section        0  main.o(i.UART1_Cmd)
    i.UART1_Config                           0x08000754   Section        0  main.o(i.UART1_Config)
    i.UART1_Init                             0x08000780   Section        0  main.o(i.UART1_Init)
    i.UART1_Write                            0x080007cc   Section        0  main.o(i.UART1_Write)
    i.USART_ClearFlag                        0x08000808   Section        0  stm32l1xx_usart.o(i.USART_ClearFlag)
    i.USART_Cmd                              0x0800081a   Section        0  stm32l1xx_usart.o(i.USART_Cmd)
    i.USART_GetFlagStatus                    0x08000832   Section        0  stm32l1xx_usart.o(i.USART_GetFlagStatus)
    i.USART_Init                             0x0800084c   Section        0  stm32l1xx_usart.o(i.USART_Init)
    i.USART_ReceiveData                      0x08000918   Section        0  stm32l1xx_usart.o(i.USART_ReceiveData)
    i.USART_SendData                         0x08000922   Section        0  stm32l1xx_usart.o(i.USART_SendData)
    i.UsageFault_Handler                     0x0800092a   Section        0  stm32l1xx_it.o(i.UsageFault_Handler)
    i.__0sprintf$3                           0x08000930   Section        0  printf3.o(i.__0sprintf$3)
    i.__scatterload_copy                     0x08000958   Section       14  handlers.o(i.__scatterload_copy)
    i.__scatterload_null                     0x08000966   Section        2  handlers.o(i.__scatterload_null)
    i.__scatterload_zeroinit                 0x08000968   Section       14  handlers.o(i.__scatterload_zeroinit)
    i._printf_core                           0x08000978   Section        0  printf3.o(i._printf_core)
    _printf_core                             0x08000979   Thumb Code   436  printf3.o(i._printf_core)
    i._sputc                                 0x08000b30   Section        0  printf3.o(i._sputc)
    _sputc                                   0x08000b31   Thumb Code    10  printf3.o(i._sputc)
    i.main                                   0x08000b3c   Section        0  main.o(i.main)
    i.setADCDMA_TransferComplete             0x08000c00   Section        0  main.o(i.setADCDMA_TransferComplete)
    i.setUserButtonFlag                      0x08000c0c   Section        0  main.o(i.setUserButtonFlag)
    .conststring                             0x08000c18   Section       15  main.o(.conststring)
    .data                                    0x20000000   Section       25  stm32l1xx_rcc.o(.data)
    PLLMulTable                              0x20000000   Data           9  stm32l1xx_rcc.o(.data)
    APBAHBPrescTable                         0x20000009   Data          16  stm32l1xx_rcc.o(.data)
    .data                                    0x2000001c   Section       76  main.o(.data)
    TimingDelay                              0x2000004c   Data           4  main.o(.data)
    .bss                                     0x20000068   Section      354  main.o(.bss)
    STACK                                    0x200001d0   Section     1024  startup_stm32l1xx_mdp.o(STACK)

    Global Symbols

    Symbol Name                              Value     Ov Type        Size  Object(Section)

    BuildAttributes$$THM_ISAv4$P$D$K$B$S$PE$A:L22UL41UL21$X:L11$S22US41US21$IEEE1$IW$USESV6$~STKCKD$USESV7$~SHL$OSPACE$ROPI$EBA8$MICROLIB$REQ8$PRES8$EABIv2 0x00000000   Number         0  anon$$obj.o ABSOLUTE
    __ARM_use_no_argv                        0x00000000   Number         0  main.o ABSOLUTE
    _printf_a                                0x00000000   Number         0  stubs.o ABSOLUTE
    _printf_c                                0x00000000   Number         0  stubs.o ABSOLUTE
    _printf_charcount                        0x00000000   Number         0  stubs.o ABSOLUTE
    _printf_d                                0x00000000   Number         0  stubs.o ABSOLUTE
    _printf_e                                0x00000000   Number         0  stubs.o ABSOLUTE
    _printf_f                                0x00000000   Number         0  stubs.o ABSOLUTE
    _printf_flags                            0x00000000   Number         0  stubs.o ABSOLUTE
    _printf_fp_dec                           0x00000000   Number         0  stubs.o ABSOLUTE
    _printf_fp_hex                           0x00000000   Number         0  stubs.o ABSOLUTE
    _printf_g                                0x00000000   Number         0  stubs.o ABSOLUTE
    _printf_i                                0x00000000   Number         0  stubs.o ABSOLUTE
    _printf_int_dec                          0x00000000   Number         0  stubs.o ABSOLUTE
    _printf_l                                0x00000000   Number         0  stubs.o ABSOLUTE
    _printf_lc                               0x00000000   Number         0  stubs.o ABSOLUTE
    _printf_ll                               0x00000000   Number         0  stubs.o ABSOLUTE
    _printf_lld                              0x00000000   Number         0  stubs.o ABSOLUTE
    _printf_lli                              0x00000000   Number         0  stubs.o ABSOLUTE
    _printf_llo                              0x00000000   Number         0  stubs.o ABSOLUTE
    _printf_llu                              0x00000000   Number         0  stubs.o ABSOLUTE
    _printf_llx                              0x00000000   Number         0  stubs.o ABSOLUTE
    _printf_longlong_dec                     0x00000000   Number         0  stubs.o ABSOLUTE
    _printf_longlong_hex                     0x00000000   Number         0  stubs.o ABSOLUTE
    _printf_longlong_oct                     0x00000000   Number         0  stubs.o ABSOLUTE
    _printf_ls                               0x00000000   Number         0  stubs.o ABSOLUTE
    _printf_mbtowc                           0x00000000   Number         0  stubs.o ABSOLUTE
    _printf_n                                0x00000000   Number         0  stubs.o ABSOLUTE
    _printf_o                                0x00000000   Number         0  stubs.o ABSOLUTE
    _printf_p                                0x00000000   Number         0  stubs.o ABSOLUTE
    _printf_percent                          0x00000000   Number         0  stubs.o ABSOLUTE
    _printf_pre_padding                      0x00000000   Number         0  stubs.o ABSOLUTE
    _printf_return_value                     0x00000000   Number         0  stubs.o ABSOLUTE
    _printf_s                                0x00000000   Number         0  stubs.o ABSOLUTE
    _printf_sizespec                         0x00000000   Number         0  stubs.o ABSOLUTE
    _printf_str                              0x00000000   Number         0  stubs.o ABSOLUTE
    _printf_truncate_signed                  0x00000000   Number         0  stubs.o ABSOLUTE
    _printf_truncate_unsigned                0x00000000   Number         0  stubs.o ABSOLUTE
    _printf_u                                0x00000000   Number         0  stubs.o ABSOLUTE
    _printf_wc                               0x00000000   Number         0  stubs.o ABSOLUTE
    _printf_wctomb                           0x00000000   Number         0  stubs.o ABSOLUTE
    _printf_widthprec                        0x00000000   Number         0  stubs.o ABSOLUTE
    _printf_x                                0x00000000   Number         0  stubs.o ABSOLUTE
    __cpp_initialize__aeabi_                  - Undefined Weak Reference
    __cxa_finalize                            - Undefined Weak Reference
    __decompress                              - Undefined Weak Reference
    _clock_init                               - Undefined Weak Reference
    _microlib_exit                            - Undefined Weak Reference
    __Vectors_Size                           0x00000124   Number         0  startup_stm32l1xx_mdp.o ABSOLUTE
    __Vectors                                0x08000000   Data           4  startup_stm32l1xx_mdp.o(RESET)
    __Vectors_End                            0x08000124   Data           0  startup_stm32l1xx_mdp.o(RESET)
    __main                                   0x08000125   Thumb Code     0  entry.o(.ARM.Collect$$$$00000000)
    _main_stk                                0x08000125   Thumb Code     0  entry2.o(.ARM.Collect$$$$00000001)
    _main_scatterload                        0x08000129   Thumb Code     0  entry5.o(.ARM.Collect$$$$00000004)
    __main_after_scatterload                 0x0800012d   Thumb Code     0  entry5.o(.ARM.Collect$$$$00000004)
    _main_clock                              0x0800012d   Thumb Code     0  entry7b.o(.ARM.Collect$$$$00000008)
    _main_cpp_init                           0x0800012d   Thumb Code     0  entry8b.o(.ARM.Collect$$$$0000000A)
    _main_init                               0x0800012d   Thumb Code     0  entry9a.o(.ARM.Collect$$$$0000000B)
    __rt_final_cpp                           0x08000135   Thumb Code     0  entry10a.o(.ARM.Collect$$$$0000000D)
    __rt_final_exit                          0x08000135   Thumb Code     0  entry11a.o(.ARM.Collect$$$$0000000F)
    Reset_Handler                            0x08000139   Thumb Code     8  startup_stm32l1xx_mdp.o(.text)
    ADC1_IRQHandler                          0x08000153   Thumb Code     0  startup_stm32l1xx_mdp.o(.text)
    AES_IRQHandler                           0x08000153   Thumb Code     0  startup_stm32l1xx_mdp.o(.text)
    COMP_ACQ_IRQHandler                      0x08000153   Thumb Code     0  startup_stm32l1xx_mdp.o(.text)
    COMP_IRQHandler                          0x08000153   Thumb Code     0  startup_stm32l1xx_mdp.o(.text)
    DAC_IRQHandler                           0x08000153   Thumb Code     0  startup_stm32l1xx_mdp.o(.text)
    DMA1_Channel2_IRQHandler                 0x08000153   Thumb Code     0  startup_stm32l1xx_mdp.o(.text)
    DMA1_Channel3_IRQHandler                 0x08000153   Thumb Code     0  startup_stm32l1xx_mdp.o(.text)
    DMA1_Channel4_IRQHandler                 0x08000153   Thumb Code     0  startup_stm32l1xx_mdp.o(.text)
    DMA1_Channel5_IRQHandler                 0x08000153   Thumb Code     0  startup_stm32l1xx_mdp.o(.text)
    DMA1_Channel6_IRQHandler                 0x08000153   Thumb Code     0  startup_stm32l1xx_mdp.o(.text)
    DMA1_Channel7_IRQHandler                 0x08000153   Thumb Code     0  startup_stm32l1xx_mdp.o(.text)
    DMA2_Channel1_IRQHandler                 0x08000153   Thumb Code     0  startup_stm32l1xx_mdp.o(.text)
    DMA2_Channel2_IRQHandler                 0x08000153   Thumb Code     0  startup_stm32l1xx_mdp.o(.text)
    DMA2_Channel3_IRQHandler                 0x08000153   Thumb Code     0  startup_stm32l1xx_mdp.o(.text)
    DMA2_Channel4_IRQHandler                 0x08000153   Thumb Code     0  startup_stm32l1xx_mdp.o(.text)
    DMA2_Channel5_IRQHandler                 0x08000153   Thumb Code     0  startup_stm32l1xx_mdp.o(.text)
    EXTI15_10_IRQHandler                     0x08000153   Thumb Code     0  startup_stm32l1xx_mdp.o(.text)
    EXTI1_IRQHandler                         0x08000153   Thumb Code     0  startup_stm32l1xx_mdp.o(.text)
    EXTI2_IRQHandler                         0x08000153   Thumb Code     0  startup_stm32l1xx_mdp.o(.text)
    EXTI3_IRQHandler                         0x08000153   Thumb Code     0  startup_stm32l1xx_mdp.o(.text)
    EXTI4_IRQHandler                         0x08000153   Thumb Code     0  startup_stm32l1xx_mdp.o(.text)
    EXTI9_5_IRQHandler                       0x08000153   Thumb Code     0  startup_stm32l1xx_mdp.o(.text)
    FLASH_IRQHandler                         0x08000153   Thumb Code     0  startup_stm32l1xx_mdp.o(.text)
    I2C1_ER_IRQHandler                       0x08000153   Thumb Code     0  startup_stm32l1xx_mdp.o(.text)
    I2C1_EV_IRQHandler                       0x08000153   Thumb Code     0  startup_stm32l1xx_mdp.o(.text)
    I2C2_ER_IRQHandler                       0x08000153   Thumb Code     0  startup_stm32l1xx_mdp.o(.text)
    I2C2_EV_IRQHandler                       0x08000153   Thumb Code     0  startup_stm32l1xx_mdp.o(.text)
    LCD_IRQHandler                           0x08000153   Thumb Code     0  startup_stm32l1xx_mdp.o(.text)
    PVD_IRQHandler                           0x08000153   Thumb Code     0  startup_stm32l1xx_mdp.o(.text)
    RCC_IRQHandler                           0x08000153   Thumb Code     0  startup_stm32l1xx_mdp.o(.text)
    RTC_Alarm_IRQHandler                     0x08000153   Thumb Code     0  startup_stm32l1xx_mdp.o(.text)
    SPI1_IRQHandler                          0x08000153   Thumb Code     0  startup_stm32l1xx_mdp.o(.text)
    SPI2_IRQHandler                          0x08000153   Thumb Code     0  startup_stm32l1xx_mdp.o(.text)
    SPI3_IRQHandler                          0x08000153   Thumb Code     0  startup_stm32l1xx_mdp.o(.text)
    TAMPER_STAMP_IRQHandler                  0x08000153   Thumb Code     0  startup_stm32l1xx_mdp.o(.text)
    TIM10_IRQHandler                         0x08000153   Thumb Code     0  startup_stm32l1xx_mdp.o(.text)
    TIM11_IRQHandler                         0x08000153   Thumb Code     0  startup_stm32l1xx_mdp.o(.text)
    TIM2_IRQHandler                          0x08000153   Thumb Code     0  startup_stm32l1xx_mdp.o(.text)
    TIM3_IRQHandler                          0x08000153   Thumb Code     0  startup_stm32l1xx_mdp.o(.text)
    TIM4_IRQHandler                          0x08000153   Thumb Code     0  startup_stm32l1xx_mdp.o(.text)
    TIM5_IRQHandler                          0x08000153   Thumb Code     0  startup_stm32l1xx_mdp.o(.text)
    TIM6_IRQHandler                          0x08000153   Thumb Code     0  startup_stm32l1xx_mdp.o(.text)
    TIM7_IRQHandler                          0x08000153   Thumb Code     0  startup_stm32l1xx_mdp.o(.text)
    TIM9_IRQHandler                          0x08000153   Thumb Code     0  startup_stm32l1xx_mdp.o(.text)
    USART1_IRQHandler                        0x08000153   Thumb Code     0  startup_stm32l1xx_mdp.o(.text)
    USART2_IRQHandler                        0x08000153   Thumb Code     0  startup_stm32l1xx_mdp.o(.text)
    USART3_IRQHandler                        0x08000153   Thumb Code     0  startup_stm32l1xx_mdp.o(.text)
    USB_FS_WKUP_IRQHandler                   0x08000153   Thumb Code     0  startup_stm32l1xx_mdp.o(.text)
    USB_HP_IRQHandler                        0x08000153   Thumb Code     0  startup_stm32l1xx_mdp.o(.text)
    USB_LP_IRQHandler                        0x08000153   Thumb Code     0  startup_stm32l1xx_mdp.o(.text)
    WWDG_IRQHandler                          0x08000153   Thumb Code     0  startup_stm32l1xx_mdp.o(.text)
    __aeabi_memcpy                           0x0800015d   Thumb Code    36  memcpya.o(.text)
    __aeabi_memcpy4                          0x0800015d   Thumb Code     0  memcpya.o(.text)
    __aeabi_memcpy8                          0x0800015d   Thumb Code     0  memcpya.o(.text)
    __aeabi_memset                           0x08000181   Thumb Code    14  memseta.o(.text)
    __aeabi_memset4                          0x08000181   Thumb Code     0  memseta.o(.text)
    __aeabi_memset8                          0x08000181   Thumb Code     0  memseta.o(.text)
    __aeabi_memclr                           0x0800018f   Thumb Code     4  memseta.o(.text)
    __aeabi_memclr4                          0x0800018f   Thumb Code     0  memseta.o(.text)
    __aeabi_memclr8                          0x0800018f   Thumb Code     0  memseta.o(.text)
    _memset$wrapper                          0x08000193   Thumb Code    18  memseta.o(.text)
    strlen                                   0x080001a5   Thumb Code    14  strlen.o(.text)
    __aeabi_uidiv                            0x080001b3   Thumb Code     0  uidiv.o(.text)
    __aeabi_uidivmod                         0x080001b3   Thumb Code    44  uidiv.o(.text)
    __scatterload                            0x080001e1   Thumb Code    28  init.o(.text)
    __scatterload_rt2                        0x080001e1   Thumb Code     0  init.o(.text)
    BusFault_Handler                         0x08000205   Thumb Code     4  stm32l1xx_it.o(i.BusFault_Handler)
    DMA1_Channel1_IRQHandler                 0x08000209   Thumb Code    14  stm32l1xx_it.o(i.DMA1_Channel1_IRQHandler)
    DMA_ClearFlag                            0x08000219   Thumb Code    18  stm32l1xx_dma.o(i.DMA_ClearFlag)
    DebugMon_Handler                         0x08000235   Thumb Code     2  stm32l1xx_it.o(i.DebugMon_Handler)
    EXTI0_IRQHandler                         0x08000237   Thumb Code    14  stm32l1xx_it.o(i.EXTI0_IRQHandler)
    EXTI_ClearITPendingBit                   0x08000245   Thumb Code     6  stm32l1xx_exti.o(i.EXTI_ClearITPendingBit)
    GPIO_Init                                0x08000251   Thumb Code   132  stm32l1xx_gpio.o(i.GPIO_Init)
    GPIO_PinAFConfig                         0x080002d5   Thumb Code    70  stm32l1xx_gpio.o(i.GPIO_PinAFConfig)
    HardFault_Handler                        0x0800031b   Thumb Code     4  stm32l1xx_it.o(i.HardFault_Handler)
    MemManage_Handler                        0x0800031f   Thumb Code     4  stm32l1xx_it.o(i.MemManage_Handler)
    NMI_Handler                              0x08000323   Thumb Code     2  stm32l1xx_it.o(i.NMI_Handler)
    PWR_RTCAccessCmd                         0x08000325   Thumb Code     6  stm32l1xx_pwr.o(i.PWR_RTCAccessCmd)
    PendSV_Handler                           0x08000331   Thumb Code     2  stm32l1xx_it.o(i.PendSV_Handler)
    RCC_AHBPeriphClockCmd                    0x08000335   Thumb Code    26  stm32l1xx_rcc.o(i.RCC_AHBPeriphClockCmd)
    RCC_APB1PeriphClockCmd                   0x08000355   Thumb Code    26  stm32l1xx_rcc.o(i.RCC_APB1PeriphClockCmd)
    RCC_APB2PeriphClockCmd                   0x08000375   Thumb Code    26  stm32l1xx_rcc.o(i.RCC_APB2PeriphClockCmd)
    RCC_Config                               0x08000395   Thumb Code    56  main.o(i.RCC_Config)
    RCC_GetClocksFreq                        0x080003cd   Thumb Code   234  stm32l1xx_rcc.o(i.RCC_GetClocksFreq)
    RCC_GetFlagStatus                        0x080004cd   Thumb Code    48  stm32l1xx_rcc.o(i.RCC_GetFlagStatus)
    RCC_LSEConfig                            0x08000501   Thumb Code    12  stm32l1xx_rcc.o(i.RCC_LSEConfig)
    RCC_RTCCLKConfig                         0x08000511   Thumb Code    64  stm32l1xx_rcc.o(i.RCC_RTCCLKConfig)
    RCC_RTCResetCmd                          0x08000555   Thumb Code     6  stm32l1xx_rcc.o(i.RCC_RTCResetCmd)
    RTC_ClearITPendingBit                    0x08000561   Thumb Code    28  stm32l1xx_rtc.o(i.RTC_ClearITPendingBit)
    RTC_GetITStatus                          0x08000581   Thumb Code    64  stm32l1xx_rtc.o(i.RTC_GetITStatus)
    RTC_WKUP_IRQHandler                      0x080005c5   Thumb Code    30  stm32l1xx_it.o(i.RTC_WKUP_IRQHandler)
    SVC_Handler                              0x080005e3   Thumb Code     2  stm32l1xx_it.o(i.SVC_Handler)
    SysTick_Handler                          0x080006b9   Thumb Code     8  stm32l1xx_it.o(i.SysTick_Handler)
    SystemInit                               0x080006c1   Thumb Code    88  system_stm32l1xx.o(i.SystemInit)
    TimingDelay_Decrement                    0x08000729   Thumb Code    18  main.o(i.TimingDelay_Decrement)
    UART1_Cmd                                0x08000741   Thumb Code    14  main.o(i.UART1_Cmd)
    UART1_Config                             0x08000755   Thumb Code    40  main.o(i.UART1_Config)
    UART1_Init                               0x08000781   Thumb Code    70  main.o(i.UART1_Init)
    UART1_Write                              0x080007cd   Thumb Code    54  main.o(i.UART1_Write)
    USART_ClearFlag                          0x08000809   Thumb Code    18  stm32l1xx_usart.o(i.USART_ClearFlag)
    USART_Cmd                                0x0800081b   Thumb Code    24  stm32l1xx_usart.o(i.USART_Cmd)
    USART_GetFlagStatus                      0x08000833   Thumb Code    26  stm32l1xx_usart.o(i.USART_GetFlagStatus)
    USART_Init                               0x0800084d   Thumb Code   198  stm32l1xx_usart.o(i.USART_Init)
    USART_ReceiveData                        0x08000919   Thumb Code    10  stm32l1xx_usart.o(i.USART_ReceiveData)
    USART_SendData                           0x08000923   Thumb Code     8  stm32l1xx_usart.o(i.USART_SendData)
    UsageFault_Handler                       0x0800092b   Thumb Code     4  stm32l1xx_it.o(i.UsageFault_Handler)
    __0sprintf$3                             0x08000931   Thumb Code    34  printf3.o(i.__0sprintf$3)
    __1sprintf$3                             0x08000931   Thumb Code     0  printf3.o(i.__0sprintf$3)
    __2sprintf                               0x08000931   Thumb Code     0  printf3.o(i.__0sprintf$3)
    __scatterload_copy                       0x08000959   Thumb Code    14  handlers.o(i.__scatterload_copy)
    __scatterload_null                       0x08000967   Thumb Code     2  handlers.o(i.__scatterload_null)
    __scatterload_zeroinit                   0x08000969   Thumb Code    14  handlers.o(i.__scatterload_zeroinit)
    main                                     0x08000b3d   Thumb Code   158  main.o(i.main)
    setADCDMA_TransferComplete               0x08000c01   Thumb Code     8  main.o(i.setADCDMA_TransferComplete)
    setUserButtonFlag                        0x08000c0d   Thumb Code     8  main.o(i.setUserButtonFlag)
    Region$$Table$$Base                      0x08000c28   Number         0  anon$$obj.o(Region$$Table)
    Region$$Table$$Limit                     0x08000c48   Number         0  anon$$obj.o(Region$$Table)
    ADC_CommonInitStructure                  0x2000001c   Data           4  main.o(.data)
    ADC_ConvertedValue                       0x20000020   Data           2  main.o(.data)
    T_StartupTimeDelay                       0x20000022   Data           2  main.o(.data)
    ADC_Result                               0x20000024   Data           4  main.o(.data)
    INTemperature                            0x20000028   Data           4  main.o(.data)
    refAVG                                   0x2000002c   Data           4  main.o(.data)
    tempAVG                                  0x20000030   Data           4  main.o(.data)
    vdd_ref                                  0x20000034   Data           4  main.o(.data)
    Address                                  0x20000038   Data           4  main.o(.data)
    temperature_C                            0x2000003c   Data           4  main.o(.data)
    CurrentlyDisplayed                       0x20000040   Data           1  main.o(.data)
    calibdata                                0x20000042   Data           8  main.o(.data)
    flag_ADCDMA_TransferComplete             0x2000004a   Data           1  main.o(.data)
    flag_UserButton                          0x2000004b   Data           1  main.o(.data)
    FLASHStatus                              0x20000050   Data           1  main.o(.data)
    i2                                       0x20000054   Data           4  main.o(.data)
    buffer                                   0x20000058   Data           4  main.o(.data)
    i                                        0x2000005c   Data           1  main.o(.data)
    resp                                     0x2000005d   Data           5  main.o(.data)
    r1                                       0x20000064   Data           4  main.o(.data)
    ADC_InitStructure                        0x20000068   Data          24  main.o(.bss)
    DMA_InitStructure                        0x20000080   Data          44  main.o(.bss)
    ADC_ConvertedValueBuff                   0x200000ac   Data          40  main.o(.bss)
    strDisp                                  0x200000d4   Data          20  main.o(.bss)
    RCC_Clocks                               0x200000e8   Data          16  main.o(.bss)
    buff                                     0x200000f8   Data         100  main.o(.bss)
    buff2                                    0x2000015c   Data         100  main.o(.bss)
    buff3                                    0x200001c0   Data          10  main.o(.bss)
    __initial_sp                             0x200005d0   Data           0  startup_stm32l1xx_mdp.o(STACK)



==============================================================================

Memory Map of the image

  Image Entry point : 0x08000125

  Load Region LR_IROM1 (Base: 0x08000000, Size: 0x00000cb0, Max: 0x00040000, ABSOLUTE)

    Execution Region ER_IROM1 (Base: 0x08000000, Size: 0x00000c48, Max: 0x00040000, ABSOLUTE)

    Base Addr    Size         Type   Attr      Idx    E Section Name        Object

    0x08000000   0x00000124   Data   RO            3    RESET               startup_stm32l1xx_mdp.o
    0x08000124   0x00000000   Code   RO         3680  * .ARM.Collect$$$$00000000  mc_w.l(entry.o)
    0x08000124   0x00000004   Code   RO         3952    .ARM.Collect$$$$00000001  mc_w.l(entry2.o)
    0x08000128   0x00000004   Code   RO         3955    .ARM.Collect$$$$00000004  mc_w.l(entry5.o)
    0x0800012c   0x00000000   Code   RO         3957    .ARM.Collect$$$$00000008  mc_w.l(entry7b.o)
    0x0800012c   0x00000000   Code   RO         3959    .ARM.Collect$$$$0000000A  mc_w.l(entry8b.o)
    0x0800012c   0x00000008   Code   RO         3960    .ARM.Collect$$$$0000000B  mc_w.l(entry9a.o)
    0x08000134   0x00000000   Code   RO         3962    .ARM.Collect$$$$0000000D  mc_w.l(entry10a.o)
    0x08000134   0x00000000   Code   RO         3964    .ARM.Collect$$$$0000000F  mc_w.l(entry11a.o)
    0x08000134   0x00000004   Code   RO         3953    .ARM.Collect$$$$00002712  mc_w.l(entry2.o)
    0x08000138   0x00000024   Code   RO            4    .text               startup_stm32l1xx_mdp.o
    0x0800015c   0x00000024   Code   RO         3683    .text               mc_w.l(memcpya.o)
    0x08000180   0x00000024   Code   RO         3685    .text               mc_w.l(memseta.o)
    0x080001a4   0x0000000e   Code   RO         3687    .text               mc_w.l(strlen.o)
    0x080001b2   0x0000002c   Code   RO         3969    .text               mc_w.l(uidiv.o)
    0x080001de   0x00000002   PAD
    0x080001e0   0x00000024   Code   RO         3984    .text               mc_w.l(init.o)
    0x08000204   0x00000004   Code   RO         3378    i.BusFault_Handler  stm32l1xx_it.o
    0x08000208   0x0000000e   Code   RO         3379    i.DMA1_Channel1_IRQHandler  stm32l1xx_it.o
    0x08000216   0x00000002   PAD
    0x08000218   0x0000001c   Code   RO          713    i.DMA_ClearFlag     stm32l1xx_dma.o
    0x08000234   0x00000002   Code   RO         3380    i.DebugMon_Handler  stm32l1xx_it.o
    0x08000236   0x0000000e   Code   RO         3381    i.EXTI0_IRQHandler  stm32l1xx_it.o
    0x08000244   0x0000000c   Code   RO          794    i.EXTI_ClearITPendingBit  stm32l1xx_exti.o
    0x08000250   0x00000084   Code   RO         1140    i.GPIO_Init         stm32l1xx_gpio.o
    0x080002d4   0x00000046   Code   RO         1141    i.GPIO_PinAFConfig  stm32l1xx_gpio.o
    0x0800031a   0x00000004   Code   RO         3382    i.HardFault_Handler  stm32l1xx_it.o
    0x0800031e   0x00000004   Code   RO         3383    i.MemManage_Handler  stm32l1xx_it.o
    0x08000322   0x00000002   Code   RO         3384    i.NMI_Handler       stm32l1xx_it.o
    0x08000324   0x0000000c   Code   RO         1631    i.PWR_RTCAccessCmd  stm32l1xx_pwr.o
    0x08000330   0x00000002   Code   RO         3385    i.PendSV_Handler    stm32l1xx_it.o
    0x08000332   0x00000002   PAD
    0x08000334   0x00000020   Code   RO         1719    i.RCC_AHBPeriphClockCmd  stm32l1xx_rcc.o
    0x08000354   0x00000020   Code   RO         1722    i.RCC_APB1PeriphClockCmd  stm32l1xx_rcc.o
    0x08000374   0x00000020   Code   RO         1725    i.RCC_APB2PeriphClockCmd  stm32l1xx_rcc.o
    0x08000394   0x00000038   Code   RO         3471    i.RCC_Config        main.o
    0x080003cc   0x00000100   Code   RO         1734    i.RCC_GetClocksFreq  stm32l1xx_rcc.o
    0x080004cc   0x00000034   Code   RO         1735    i.RCC_GetFlagStatus  stm32l1xx_rcc.o
    0x08000500   0x00000010   Code   RO         1743    i.RCC_LSEConfig     stm32l1xx_rcc.o
    0x08000510   0x00000044   Code   RO         1753    i.RCC_RTCCLKConfig  stm32l1xx_rcc.o
    0x08000554   0x0000000c   Code   RO         1754    i.RCC_RTCResetCmd   stm32l1xx_rcc.o
    0x08000560   0x00000020   Code   RO         1972    i.RTC_ClearITPendingBit  stm32l1xx_rtc.o
    0x08000580   0x00000044   Code   RO         1984    i.RTC_GetITStatus   stm32l1xx_rtc.o
    0x080005c4   0x0000001e   Code   RO         3386    i.RTC_WKUP_IRQHandler  stm32l1xx_it.o
    0x080005e2   0x00000002   Code   RO         3387    i.SVC_Handler       stm32l1xx_it.o
    0x080005e4   0x000000d4   Code   RO         3341    i.SetSysClock       system_stm32l1xx.o
    0x080006b8   0x00000008   Code   RO         3388    i.SysTick_Handler   stm32l1xx_it.o
    0x080006c0   0x00000068   Code   RO         3343    i.SystemInit        system_stm32l1xx.o
    0x08000728   0x00000018   Code   RO         3474    i.TimingDelay_Decrement  main.o
    0x08000740   0x00000014   Code   RO         3475    i.UART1_Cmd         main.o
    0x08000754   0x0000002c   Code   RO         3476    i.UART1_Config      main.o
    0x08000780   0x0000004c   Code   RO         3477    i.UART1_Init        main.o
    0x080007cc   0x0000003c   Code   RO         3478    i.UART1_Write       main.o
    0x08000808   0x00000012   Code   RO         3063    i.USART_ClearFlag   stm32l1xx_usart.o
    0x0800081a   0x00000018   Code   RO         3067    i.USART_Cmd         stm32l1xx_usart.o
    0x08000832   0x0000001a   Code   RO         3070    i.USART_GetFlagStatus  stm32l1xx_usart.o
    0x0800084c   0x000000cc   Code   RO         3074    i.USART_Init        stm32l1xx_usart.o
    0x08000918   0x0000000a   Code   RO         3081    i.USART_ReceiveData  stm32l1xx_usart.o
    0x08000922   0x00000008   Code   RO         3084    i.USART_SendData    stm32l1xx_usart.o
    0x0800092a   0x00000004   Code   RO         3389    i.UsageFault_Handler  stm32l1xx_it.o
    0x0800092e   0x00000002   PAD
    0x08000930   0x00000028   Code   RO         3782    i.__0sprintf$3      mc_w.l(printf3.o)
    0x08000958   0x0000000e   Code   RO         3998    i.__scatterload_copy  mc_w.l(handlers.o)
    0x08000966   0x00000002   Code   RO         3999    i.__scatterload_null  mc_w.l(handlers.o)
    0x08000968   0x0000000e   Code   RO         4000    i.__scatterload_zeroinit  mc_w.l(handlers.o)
    0x08000976   0x00000002   PAD
    0x08000978   0x000001b8   Code   RO         3787    i._printf_core      mc_w.l(printf3.o)
    0x08000b30   0x0000000a   Code   RO         3789    i._sputc            mc_w.l(printf3.o)
    0x08000b3a   0x00000002   PAD
    0x08000b3c   0x000000c4   Code   RO         3489    i.main              main.o
    0x08000c00   0x0000000c   Code   RO         3493    i.setADCDMA_TransferComplete  main.o
    0x08000c0c   0x0000000c   Code   RO         3494    i.setUserButtonFlag  main.o
    0x08000c18   0x0000000f   Data   RO         3499    .conststring        main.o
    0x08000c27   0x00000001   PAD
    0x08000c28   0x00000020   Data   RO         3996    Region$$Table       anon$$obj.o


    Execution Region RW_IRAM1 (Base: 0x20000000, Size: 0x000005d0, Max: 0x00008000, ABSOLUTE)

    Base Addr    Size         Type   Attr      Idx    E Section Name        Object

    0x20000000   0x00000019   Data   RW         1757    .data               stm32l1xx_rcc.o
    0x20000019   0x00000003   PAD
    0x2000001c   0x0000004c   Data   RW         3500    .data               main.o
    0x20000068   0x00000162   Zero   RW         3498    .bss                main.o
    0x200001ca   0x00000006   PAD
    0x200001d0   0x00000400   Zero   RW            1    STACK               startup_stm32l1xx_mdp.o


==============================================================================

Image component sizes


      Code (inc. data)   RO Data    RW Data    ZI Data      Debug   Object Name

       500         74         15         76        354       7750   main.o
        36          8        292          0       1024       1008   startup_stm32l1xx_mdp.o
        28         10          0          0          0        628   stm32l1xx_dma.o
        12          6          0          0          0        633   stm32l1xx_exti.o
       202          0          0          0          0       2171   stm32l1xx_gpio.o
        90          0          0          0          0       5978   stm32l1xx_it.o
        12          6          0          0          0        619   stm32l1xx_pwr.o
       500         58          0         25          0       7691   stm32l1xx_rcc.o
       100          8          0          0          0       1426   stm32l1xx_rtc.o
       290          6          0          0          0       5142   stm32l1xx_usart.o
         0          0          0          0          0     241096   stm32l1xx_wwdg.o
       316         28          0          0          0       1617   system_stm32l1xx.o

    ----------------------------------------------------------------------
      2092        204        340        104       1384     275759   Object Totals
         0          0         32          0          0          0   (incl. Generated)
         6          0          1          3          6          0   (incl. Padding)

    ----------------------------------------------------------------------

      Code (inc. data)   RO Data    RW Data    ZI Data      Debug   Library Member Name

         0          0          0          0          0          0   entry.o
         0          0          0          0          0          0   entry10a.o
         0          0          0          0          0          0   entry11a.o
         8          4          0          0          0          0   entry2.o
         4          0          0          0          0          0   entry5.o
         0          0          0          0          0          0   entry7b.o
         0          0          0          0          0          0   entry8b.o
         8          4          0          0          0          0   entry9a.o
        30          0          0          0          0          0   handlers.o
        36          8          0          0          0         68   init.o
        36          0          0          0          0         68   memcpya.o
        36          0          0          0          0        108   memseta.o
       490         10          0          0          0        252   printf3.o
        14          0          0          0          0         68   strlen.o
        44          0          0          0          0         80   uidiv.o

    ----------------------------------------------------------------------
       712         26          0          0          0        644   Library Totals
         6          0          0          0          0          0   (incl. Padding)

    ----------------------------------------------------------------------

      Code (inc. data)   RO Data    RW Data    ZI Data      Debug   Library Name

       706         26          0          0          0        644   mc_w.l

    ----------------------------------------------------------------------
       712         26          0          0          0        644   Library Totals

    ----------------------------------------------------------------------

==============================================================================


      Code (inc. data)   RO Data    RW Data    ZI Data      Debug   

      2804        230        340        104       1384     274215   Grand Totals
      2804        230        340        104       1384     274215   ELF Image Totals
      2804        230        340        104          0          0   ROM Totals

==============================================================================

    Total RO  Size (Code + RO Data)                 3144 (   3.07kB)
    Total RW  Size (RW Data + ZI Data)              1488 (   1.45kB)
    Total ROM Size (Code + RO Data + RW Data)       3248 (   3.17kB)

==============================================================================

